mode: set
github.com/PerfectStepCoder/yp_go_nn/src/api/irest/docs/docs.go:315.13,317.2 1 0
github.com/PerfectStepCoder/yp_go_nn/src/api/irest/auth.go:24.68,25.58 1 0
github.com/PerfectStepCoder/yp_go_nn/src/api/irest/auth.go:25.58,27.69 2 0
github.com/PerfectStepCoder/yp_go_nn/src/api/irest/auth.go:27.69,30.4 2 0
github.com/PerfectStepCoder/yp_go_nn/src/api/irest/auth.go:32.3,32.82 1 0
github.com/PerfectStepCoder/yp_go_nn/src/api/irest/auth.go:32.82,34.4 1 0
github.com/PerfectStepCoder/yp_go_nn/src/api/irest/auth.go:36.3,36.66 1 0
github.com/PerfectStepCoder/yp_go_nn/src/api/irest/auth.go:36.66,37.78 1 0
github.com/PerfectStepCoder/yp_go_nn/src/api/irest/auth.go:37.78,39.5 1 0
github.com/PerfectStepCoder/yp_go_nn/src/api/irest/auth.go:39.10,41.5 1 0
github.com/PerfectStepCoder/yp_go_nn/src/api/irest/auth.go:42.4,42.10 1 0
github.com/PerfectStepCoder/yp_go_nn/src/api/irest/auth.go:45.3,51.17 3 0
github.com/PerfectStepCoder/yp_go_nn/src/api/irest/auth.go:51.17,54.4 2 0
github.com/PerfectStepCoder/yp_go_nn/src/api/irest/auth.go:55.3,57.38 2 0
github.com/PerfectStepCoder/yp_go_nn/src/api/irest/auth.go:72.65,73.54 1 0
github.com/PerfectStepCoder/yp_go_nn/src/api/irest/auth.go:73.54,75.62 2 0
github.com/PerfectStepCoder/yp_go_nn/src/api/irest/auth.go:75.62,78.4 2 0
github.com/PerfectStepCoder/yp_go_nn/src/api/irest/auth.go:81.3,82.77 2 0
github.com/PerfectStepCoder/yp_go_nn/src/api/irest/auth.go:82.77,85.4 2 0
github.com/PerfectStepCoder/yp_go_nn/src/api/irest/auth.go:88.3,89.17 2 0
github.com/PerfectStepCoder/yp_go_nn/src/api/irest/auth.go:89.17,92.4 2 0
github.com/PerfectStepCoder/yp_go_nn/src/api/irest/auth.go:95.3,97.31 3 0
github.com/PerfectStepCoder/yp_go_nn/src/api/irest/helpers.go:13.69,16.16 2 0
github.com/PerfectStepCoder/yp_go_nn/src/api/irest/helpers.go:16.16,18.3 1 0
github.com/PerfectStepCoder/yp_go_nn/src/api/irest/helpers.go:21.2,27.30 5 0
github.com/PerfectStepCoder/yp_go_nn/src/api/irest/helpers.go:27.30,29.30 2 0
github.com/PerfectStepCoder/yp_go_nn/src/api/irest/helpers.go:29.30,41.4 4 0
github.com/PerfectStepCoder/yp_go_nn/src/api/irest/helpers.go:44.2,44.20 1 0
github.com/PerfectStepCoder/yp_go_nn/src/api/irest/helpers.go:47.57,51.16 3 0
github.com/PerfectStepCoder/yp_go_nn/src/api/irest/helpers.go:51.16,53.3 1 0
github.com/PerfectStepCoder/yp_go_nn/src/api/irest/helpers.go:54.2,54.22 1 0
github.com/PerfectStepCoder/yp_go_nn/src/api/irest/helpers.go:58.50,68.30 5 0
github.com/PerfectStepCoder/yp_go_nn/src/api/irest/helpers.go:68.30,69.30 1 0
github.com/PerfectStepCoder/yp_go_nn/src/api/irest/helpers.go:69.30,72.4 2 0
github.com/PerfectStepCoder/yp_go_nn/src/api/irest/helpers.go:75.2,75.15 1 0
github.com/PerfectStepCoder/yp_go_nn/src/api/irest/middlewares.go:19.52,20.71 1 0
github.com/PerfectStepCoder/yp_go_nn/src/api/irest/middlewares.go:20.71,23.23 2 0
github.com/PerfectStepCoder/yp_go_nn/src/api/irest/middlewares.go:23.23,26.4 2 0
github.com/PerfectStepCoder/yp_go_nn/src/api/irest/middlewares.go:29.3,33.102 3 0
github.com/PerfectStepCoder/yp_go_nn/src/api/irest/middlewares.go:33.102,35.59 1 0
github.com/PerfectStepCoder/yp_go_nn/src/api/irest/middlewares.go:35.59,37.5 1 0
github.com/PerfectStepCoder/yp_go_nn/src/api/irest/middlewares.go:38.4,38.48 1 0
github.com/PerfectStepCoder/yp_go_nn/src/api/irest/middlewares.go:41.3,41.33 1 0
github.com/PerfectStepCoder/yp_go_nn/src/api/irest/middlewares.go:41.33,44.4 2 0
github.com/PerfectStepCoder/yp_go_nn/src/api/irest/middlewares.go:47.3,48.17 2 0
github.com/PerfectStepCoder/yp_go_nn/src/api/irest/middlewares.go:48.17,51.4 2 0
github.com/PerfectStepCoder/yp_go_nn/src/api/irest/middlewares.go:54.3,55.40 2 0
github.com/PerfectStepCoder/yp_go_nn/src/api/irest/operators.go:24.76,25.58 1 0
github.com/PerfectStepCoder/yp_go_nn/src/api/irest/operators.go:25.58,28.10 2 0
github.com/PerfectStepCoder/yp_go_nn/src/api/irest/operators.go:28.10,31.4 2 0
github.com/PerfectStepCoder/yp_go_nn/src/api/irest/operators.go:34.3,36.24 2 0
github.com/PerfectStepCoder/yp_go_nn/src/api/irest/operators.go:36.24,39.4 2 0
github.com/PerfectStepCoder/yp_go_nn/src/api/irest/operators.go:41.3,42.17 2 0
github.com/PerfectStepCoder/yp_go_nn/src/api/irest/operators.go:42.17,45.4 2 0
github.com/PerfectStepCoder/yp_go_nn/src/api/irest/operators.go:47.3,48.17 2 0
github.com/PerfectStepCoder/yp_go_nn/src/api/irest/operators.go:48.17,51.4 2 0
github.com/PerfectStepCoder/yp_go_nn/src/api/irest/operators.go:53.3,55.33 2 0
github.com/PerfectStepCoder/yp_go_nn/src/api/irest/operators.go:71.77,72.58 1 0
github.com/PerfectStepCoder/yp_go_nn/src/api/irest/operators.go:72.58,75.10 2 0
github.com/PerfectStepCoder/yp_go_nn/src/api/irest/operators.go:75.10,78.4 2 0
github.com/PerfectStepCoder/yp_go_nn/src/api/irest/operators.go:81.3,83.17 2 0
github.com/PerfectStepCoder/yp_go_nn/src/api/irest/operators.go:83.17,86.4 2 0
github.com/PerfectStepCoder/yp_go_nn/src/api/irest/operators.go:88.3,89.17 2 0
github.com/PerfectStepCoder/yp_go_nn/src/api/irest/operators.go:89.17,92.4 2 0
github.com/PerfectStepCoder/yp_go_nn/src/api/irest/operators.go:94.3,95.17 2 0
github.com/PerfectStepCoder/yp_go_nn/src/api/irest/operators.go:95.17,98.4 2 0
github.com/PerfectStepCoder/yp_go_nn/src/api/irest/operators.go:100.3,102.33 2 0
github.com/PerfectStepCoder/yp_go_nn/src/api/irest/tasks.go:26.97,27.58 1 0
github.com/PerfectStepCoder/yp_go_nn/src/api/irest/tasks.go:27.58,30.10 2 0
github.com/PerfectStepCoder/yp_go_nn/src/api/irest/tasks.go:30.10,33.4 2 0
github.com/PerfectStepCoder/yp_go_nn/src/api/irest/tasks.go:36.3,37.17 2 0
github.com/PerfectStepCoder/yp_go_nn/src/api/irest/tasks.go:37.17,40.4 2 0
github.com/PerfectStepCoder/yp_go_nn/src/api/irest/tasks.go:41.3,44.20 3 0
github.com/PerfectStepCoder/yp_go_nn/src/api/irest/tasks.go:44.20,47.4 2 0
github.com/PerfectStepCoder/yp_go_nn/src/api/irest/tasks.go:52.3,54.17 2 0
github.com/PerfectStepCoder/yp_go_nn/src/api/irest/tasks.go:54.17,57.4 2 0
github.com/PerfectStepCoder/yp_go_nn/src/api/irest/tasks.go:59.3,60.72 2 0
github.com/PerfectStepCoder/yp_go_nn/src/api/irest/tasks.go:60.72,63.4 2 0
github.com/PerfectStepCoder/yp_go_nn/src/api/irest/tasks.go:63.9,65.4 1 0
github.com/PerfectStepCoder/yp_go_nn/src/api/irest/tasks.go:67.3,74.17 3 0
github.com/PerfectStepCoder/yp_go_nn/src/api/irest/tasks.go:74.17,77.4 2 0
github.com/PerfectStepCoder/yp_go_nn/src/api/irest/tasks.go:79.3,81.33 2 0
github.com/PerfectStepCoder/yp_go_nn/src/cmd/main.go:26.13,33.23 4 0
github.com/PerfectStepCoder/yp_go_nn/src/cmd/main.go:33.23,36.3 2 0
github.com/PerfectStepCoder/yp_go_nn/src/cmd/main.go:37.2,59.34 9 0
github.com/PerfectStepCoder/yp_go_nn/src/cmd/main.go:60.14,61.61 1 0
github.com/PerfectStepCoder/yp_go_nn/src/cmd/main.go:62.14,63.48 1 0
github.com/PerfectStepCoder/yp_go_nn/src/cmd/main.go:64.10,65.67 1 0
github.com/PerfectStepCoder/yp_go_nn/src/cmd/main.go:68.2,68.22 1 0
github.com/PerfectStepCoder/yp_go_nn/src/cmd/main.go:68.22,70.3 1 0
github.com/PerfectStepCoder/yp_go_nn/src/cmd/main.go:72.2,75.22 3 0
github.com/PerfectStepCoder/yp_go_nn/src/cmd/main.go:75.22,77.3 1 0
github.com/PerfectStepCoder/yp_go_nn/src/cmd/main.go:80.2,87.41 5 0
github.com/PerfectStepCoder/yp_go_nn/src/cmd/main.go:87.41,89.3 1 0
github.com/PerfectStepCoder/yp_go_nn/src/cmd/main.go:91.2,91.45 1 0
github.com/PerfectStepCoder/yp_go_nn/src/cmd/test_reporter/main.go:23.13,30.19 3 0
github.com/PerfectStepCoder/yp_go_nn/src/cmd/test_reporter/main.go:30.19,32.3 1 0
github.com/PerfectStepCoder/yp_go_nn/src/cmd/test_reporter/main.go:33.2,37.19 3 0
github.com/PerfectStepCoder/yp_go_nn/src/cmd/test_reporter/main.go:37.19,39.3 1 0
github.com/PerfectStepCoder/yp_go_nn/src/cmd/test_reporter/main.go:40.2,47.44 4 0
github.com/PerfectStepCoder/yp_go_nn/src/cmd/test_reporter/menu.go:10.89,14.6 2 0
github.com/PerfectStepCoder/yp_go_nn/src/cmd/test_reporter/menu.go:14.6,23.22 2 0
github.com/PerfectStepCoder/yp_go_nn/src/cmd/test_reporter/menu.go:23.22,24.9 1 0
github.com/PerfectStepCoder/yp_go_nn/src/cmd/test_reporter/menu.go:26.3,28.19 2 0
github.com/PerfectStepCoder/yp_go_nn/src/cmd/test_reporter/menu.go:28.19,29.9 1 0
github.com/PerfectStepCoder/yp_go_nn/src/cmd/test_reporter/menu.go:32.3,32.16 1 0
github.com/PerfectStepCoder/yp_go_nn/src/cmd/test_reporter/menu.go:33.12,35.12 2 0
github.com/PerfectStepCoder/yp_go_nn/src/cmd/test_reporter/menu.go:36.12,38.12 2 0
github.com/PerfectStepCoder/yp_go_nn/src/cmd/test_reporter/menu.go:39.12,41.12 2 0
github.com/PerfectStepCoder/yp_go_nn/src/cmd/test_reporter/menu.go:42.11,44.12 2 0
github.com/PerfectStepCoder/yp_go_nn/src/cmd/test_reporter/menu.go:47.2,47.65 1 0
github.com/PerfectStepCoder/yp_go_nn/src/cmd/test_reporter/reporter.go:14.42,20.16 3 0
github.com/PerfectStepCoder/yp_go_nn/src/cmd/test_reporter/reporter.go:20.16,23.3 2 0
github.com/PerfectStepCoder/yp_go_nn/src/cmd/test_reporter/reporter.go:25.2,25.36 1 0
github.com/PerfectStepCoder/yp_go_nn/src/cmd/test_reporter/reporter.go:25.36,28.17 2 0
github.com/PerfectStepCoder/yp_go_nn/src/cmd/test_reporter/reporter.go:28.17,31.4 2 0
github.com/PerfectStepCoder/yp_go_nn/src/cmd/test_reporter/reporter.go:34.3,44.17 4 0
github.com/PerfectStepCoder/yp_go_nn/src/cmd/test_reporter/reporter.go:44.17,46.4 1 0
github.com/PerfectStepCoder/yp_go_nn/src/cmd/test_reporter/reporter.go:48.3,48.35 1 0
github.com/PerfectStepCoder/yp_go_nn/src/cmd/test_reporter/reporter.go:55.95,68.16 7 0
github.com/PerfectStepCoder/yp_go_nn/src/cmd/test_reporter/reporter.go:68.16,71.3 2 0
github.com/PerfectStepCoder/yp_go_nn/src/cmd/test_reporter/reporter.go:73.2,75.36 2 0
github.com/PerfectStepCoder/yp_go_nn/src/cmd/test_reporter/reporter.go:75.36,78.17 2 0
github.com/PerfectStepCoder/yp_go_nn/src/cmd/test_reporter/reporter.go:78.17,81.4 2 0
github.com/PerfectStepCoder/yp_go_nn/src/cmd/test_reporter/reporter.go:85.3,93.20 3 0
github.com/PerfectStepCoder/yp_go_nn/src/cmd/test_reporter/reporter.go:93.20,95.4 1 0
github.com/PerfectStepCoder/yp_go_nn/src/cmd/test_reporter/reporter.go:97.3,98.20 2 0
github.com/PerfectStepCoder/yp_go_nn/src/cmd/test_reporter/reporter.go:98.20,100.4 1 0
github.com/PerfectStepCoder/yp_go_nn/src/cmd/test_reporter/reporter.go:102.3,102.71 1 0
github.com/PerfectStepCoder/yp_go_nn/src/cmd/test_reporter/reporter.go:102.71,104.4 1 0
github.com/PerfectStepCoder/yp_go_nn/src/cmd/test_reporter/reporter.go:104.9,107.4 2 0
github.com/PerfectStepCoder/yp_go_nn/src/cmd/test_reporter/reporter.go:109.3,111.108 3 0
github.com/PerfectStepCoder/yp_go_nn/src/cmd/test_reporter/reporter.go:115.2,116.74 2 0
github.com/PerfectStepCoder/yp_go_nn/src/cmd/test_reporter/reporter.go:121.49,126.16 3 0
github.com/PerfectStepCoder/yp_go_nn/src/cmd/test_reporter/reporter.go:126.16,129.3 2 0
github.com/PerfectStepCoder/yp_go_nn/src/cmd/test_reporter/reporter.go:131.2,133.36 2 0
github.com/PerfectStepCoder/yp_go_nn/src/cmd/test_reporter/reporter.go:133.36,136.17 2 0
github.com/PerfectStepCoder/yp_go_nn/src/cmd/test_reporter/reporter.go:136.17,139.4 2 0
github.com/PerfectStepCoder/yp_go_nn/src/cmd/test_reporter/reporter.go:143.3,149.73 2 0
github.com/PerfectStepCoder/yp_go_nn/src/cmd/test_reporter/reporter.go:152.2,153.16 2 0
github.com/PerfectStepCoder/yp_go_nn/src/cmd/test_reporter/reporter.go:153.16,156.3 2 0
github.com/PerfectStepCoder/yp_go_nn/src/cmd/test_reporter/reporter.go:158.2,158.38 1 0
github.com/PerfectStepCoder/yp_go_nn/src/cmd/test_reporter/reporter.go:158.38,160.3 1 0
github.com/PerfectStepCoder/yp_go_nn/src/cmd/test_reporter/settings.go:15.39,28.2 5 0
github.com/PerfectStepCoder/yp_go_nn/src/cmd/test_reporter/settings.go:30.35,34.2 2 0
github.com/PerfectStepCoder/yp_go_nn/src/configs/flags.go:7.37,17.16 6 0
github.com/PerfectStepCoder/yp_go_nn/src/configs/flags.go:17.16,19.3 1 0
github.com/PerfectStepCoder/yp_go_nn/src/configs/flags.go:20.2,20.16 1 0
github.com/PerfectStepCoder/yp_go_nn/src/configs/flags.go:20.16,22.3 1 0
github.com/PerfectStepCoder/yp_go_nn/src/configs/flags.go:23.2,23.20 1 0
github.com/PerfectStepCoder/yp_go_nn/src/configs/flags.go:23.20,25.3 1 0
github.com/PerfectStepCoder/yp_go_nn/src/configs/logging.go:13.33,27.2 5 0
github.com/PerfectStepCoder/yp_go_nn/src/configs/settings.go:16.39,38.2 10 0
github.com/PerfectStepCoder/yp_go_nn/src/configs/settings.go:40.35,44.2 2 0
github.com/PerfectStepCoder/yp_go_nn/src/internal/engine/loader.go:11.82,14.16 2 0
github.com/PerfectStepCoder/yp_go_nn/src/internal/engine/loader.go:14.16,16.3 1 0
github.com/PerfectStepCoder/yp_go_nn/src/internal/engine/loader.go:17.2,22.16 4 0
github.com/PerfectStepCoder/yp_go_nn/src/internal/engine/loader.go:22.16,24.3 1 0
github.com/PerfectStepCoder/yp_go_nn/src/internal/engine/loader.go:27.2,29.37 3 0
github.com/PerfectStepCoder/yp_go_nn/src/internal/engine/loader.go:29.37,32.17 2 0
github.com/PerfectStepCoder/yp_go_nn/src/internal/engine/loader.go:32.17,34.4 1 0
github.com/PerfectStepCoder/yp_go_nn/src/internal/engine/loader.go:35.3,39.28 3 0
github.com/PerfectStepCoder/yp_go_nn/src/internal/engine/loader.go:39.28,41.18 2 0
github.com/PerfectStepCoder/yp_go_nn/src/internal/engine/loader.go:41.18,43.5 1 0
github.com/PerfectStepCoder/yp_go_nn/src/internal/engine/loader.go:44.4,44.29 1 0
github.com/PerfectStepCoder/yp_go_nn/src/internal/engine/loader.go:46.3,46.33 1 0
github.com/PerfectStepCoder/yp_go_nn/src/internal/engine/loader.go:50.2,50.86 1 0
github.com/PerfectStepCoder/yp_go_nn/src/internal/engine/loader.go:54.73,55.20 1 0
github.com/PerfectStepCoder/yp_go_nn/src/internal/engine/loader.go:55.20,56.58 1 0
github.com/PerfectStepCoder/yp_go_nn/src/internal/engine/loader.go:59.2,60.44 2 0
github.com/PerfectStepCoder/yp_go_nn/src/internal/engine/loader.go:60.44,63.22 2 0
github.com/PerfectStepCoder/yp_go_nn/src/internal/engine/loader.go:63.22,65.4 1 0
github.com/PerfectStepCoder/yp_go_nn/src/internal/engine/loader.go:68.3,69.35 2 0
github.com/PerfectStepCoder/yp_go_nn/src/internal/engine/loader.go:69.35,71.4 1 0
github.com/PerfectStepCoder/yp_go_nn/src/internal/engine/loader.go:73.3,73.35 1 0
github.com/PerfectStepCoder/yp_go_nn/src/internal/engine/loader.go:76.2,76.16 1 0
github.com/PerfectStepCoder/yp_go_nn/src/internal/engine/loader.go:80.58,81.20 1 0
github.com/PerfectStepCoder/yp_go_nn/src/internal/engine/loader.go:81.20,82.58 1 0
github.com/PerfectStepCoder/yp_go_nn/src/internal/engine/loader.go:85.2,86.44 2 0
github.com/PerfectStepCoder/yp_go_nn/src/internal/engine/loader.go:86.44,89.22 2 0
github.com/PerfectStepCoder/yp_go_nn/src/internal/engine/loader.go:89.22,91.4 1 0
github.com/PerfectStepCoder/yp_go_nn/src/internal/engine/loader.go:94.3,94.41 1 0
github.com/PerfectStepCoder/yp_go_nn/src/internal/engine/loader.go:97.2,97.16 1 0
github.com/PerfectStepCoder/yp_go_nn/src/internal/engine/loader.go:101.43,103.28 2 0
github.com/PerfectStepCoder/yp_go_nn/src/internal/engine/loader.go:103.28,105.3 1 0
github.com/PerfectStepCoder/yp_go_nn/src/internal/engine/loader.go:106.2,106.15 1 0
github.com/PerfectStepCoder/yp_go_nn/src/internal/engine/loader.go:110.47,112.31 2 0
github.com/PerfectStepCoder/yp_go_nn/src/internal/engine/loader.go:112.31,113.30 1 0
github.com/PerfectStepCoder/yp_go_nn/src/internal/engine/loader.go:113.30,115.4 1 0
github.com/PerfectStepCoder/yp_go_nn/src/internal/engine/loader.go:117.2,117.15 1 0
github.com/PerfectStepCoder/yp_go_nn/src/internal/engine/loader.go:121.87,126.38 2 0
github.com/PerfectStepCoder/yp_go_nn/src/internal/engine/loader.go:126.38,128.3 1 0
github.com/PerfectStepCoder/yp_go_nn/src/internal/engine/loader.go:131.2,134.36 3 0
github.com/PerfectStepCoder/yp_go_nn/src/internal/engine/loader.go:134.36,138.3 3 0
github.com/PerfectStepCoder/yp_go_nn/src/internal/engine/loader.go:140.2,140.26 1 0
github.com/PerfectStepCoder/yp_go_nn/src/internal/engine/mnist.go:35.40,37.2 1 0
github.com/PerfectStepCoder/yp_go_nn/src/internal/engine/mnist.go:40.50,42.32 2 0
github.com/PerfectStepCoder/yp_go_nn/src/internal/engine/mnist.go:42.32,45.3 1 0
github.com/PerfectStepCoder/yp_go_nn/src/internal/engine/mnist.go:46.2,46.19 1 0
github.com/PerfectStepCoder/yp_go_nn/src/internal/engine/nn.go:21.70,26.16 3 0
github.com/PerfectStepCoder/yp_go_nn/src/internal/engine/nn.go:26.16,27.13 1 0
github.com/PerfectStepCoder/yp_go_nn/src/internal/engine/nn.go:30.2,35.3 1 0
github.com/PerfectStepCoder/yp_go_nn/src/internal/engine/nn.go:38.37,40.2 1 0
github.com/PerfectStepCoder/yp_go_nn/src/internal/engine/nn.go:43.95,65.16 14 0
github.com/PerfectStepCoder/yp_go_nn/src/internal/engine/nn.go:65.16,67.3 1 0
github.com/PerfectStepCoder/yp_go_nn/src/internal/engine/nn.go:69.2,72.20 3 0
github.com/PerfectStepCoder/yp_go_nn/src/internal/engine/nn.go:76.98,78.52 1 0
github.com/PerfectStepCoder/yp_go_nn/src/internal/engine/nn.go:78.52,80.3 1 0
github.com/PerfectStepCoder/yp_go_nn/src/internal/engine/nn.go:80.8,82.3 1 0
github.com/PerfectStepCoder/yp_go_nn/src/internal/engine/nn.go:84.2,84.28 1 0
github.com/PerfectStepCoder/yp_go_nn/src/internal/engine/nn.go:87.95,91.52 2 0
github.com/PerfectStepCoder/yp_go_nn/src/internal/engine/nn.go:91.52,93.3 1 0
github.com/PerfectStepCoder/yp_go_nn/src/internal/engine/nn.go:93.8,95.3 1 0
github.com/PerfectStepCoder/yp_go_nn/src/internal/engine/nn.go:97.2,99.26 2 0
github.com/PerfectStepCoder/yp_go_nn/src/internal/engine/utils.go:12.47,17.29 2 0
github.com/PerfectStepCoder/yp_go_nn/src/internal/engine/utils.go:17.29,22.29 3 0
github.com/PerfectStepCoder/yp_go_nn/src/internal/engine/utils.go:22.29,23.24 1 0
github.com/PerfectStepCoder/yp_go_nn/src/internal/engine/utils.go:23.24,26.5 2 0
github.com/PerfectStepCoder/yp_go_nn/src/internal/engine/utils.go:30.3,30.27 1 0
github.com/PerfectStepCoder/yp_go_nn/src/internal/engine/utils.go:33.2,33.19 1 0
github.com/PerfectStepCoder/yp_go_nn/src/internal/engine/utils.go:41.52,43.28 1 0
github.com/PerfectStepCoder/yp_go_nn/src/internal/engine/utils.go:43.28,45.3 1 0
github.com/PerfectStepCoder/yp_go_nn/src/internal/engine/utils.go:48.2,48.22 1 0
github.com/PerfectStepCoder/yp_go_nn/src/internal/engine/utils.go:48.22,49.25 1 0
github.com/PerfectStepCoder/yp_go_nn/src/internal/engine/utils.go:49.25,51.4 1 0
github.com/PerfectStepCoder/yp_go_nn/src/internal/engine/utils.go:54.2,54.13 1 0
github.com/PerfectStepCoder/yp_go_nn/src/internal/engine/utils.go:58.66,60.28 1 0
github.com/PerfectStepCoder/yp_go_nn/src/internal/engine/utils.go:60.28,62.3 1 0
github.com/PerfectStepCoder/yp_go_nn/src/internal/engine/utils.go:65.2,66.22 2 0
github.com/PerfectStepCoder/yp_go_nn/src/internal/engine/utils.go:66.22,67.25 1 0
github.com/PerfectStepCoder/yp_go_nn/src/internal/engine/utils.go:67.25,69.4 1 0
github.com/PerfectStepCoder/yp_go_nn/src/internal/engine/utils.go:73.2,74.19 2 0
github.com/PerfectStepCoder/yp_go_nn/src/internal/engine/utils.go:78.63,82.29 2 0
github.com/PerfectStepCoder/yp_go_nn/src/internal/engine/utils.go:82.29,83.29 1 0
github.com/PerfectStepCoder/yp_go_nn/src/internal/engine/utils.go:83.29,85.73 1 0
github.com/PerfectStepCoder/yp_go_nn/src/internal/engine/utils.go:85.73,87.5 1 0
github.com/PerfectStepCoder/yp_go_nn/src/internal/engine/utils.go:91.2,91.25 1 0
github.com/PerfectStepCoder/yp_go_nn/src/internal/engine/utils.go:95.77,98.33 2 0
github.com/PerfectStepCoder/yp_go_nn/src/internal/engine/utils.go:98.33,100.3 1 0
github.com/PerfectStepCoder/yp_go_nn/src/internal/engine/utils.go:103.2,104.24 2 0
github.com/PerfectStepCoder/yp_go_nn/src/internal/engine/utils.go:104.24,106.3 1 0
github.com/PerfectStepCoder/yp_go_nn/src/internal/engine/utils.go:109.2,109.28 1 0
github.com/PerfectStepCoder/yp_go_nn/src/internal/engine/utils.go:109.28,110.29 1 0
github.com/PerfectStepCoder/yp_go_nn/src/internal/engine/utils.go:110.29,114.4 3 0
github.com/PerfectStepCoder/yp_go_nn/src/internal/engine/utils.go:117.2,117.20 1 0
github.com/PerfectStepCoder/yp_go_nn/src/internal/engine/utils.go:121.57,123.14 2 0
github.com/PerfectStepCoder/yp_go_nn/src/internal/engine/utils.go:123.14,125.3 1 0
github.com/PerfectStepCoder/yp_go_nn/src/internal/engine/utils.go:126.2,126.19 1 0
github.com/PerfectStepCoder/yp_go_nn/src/internal/engine/utils.go:130.51,133.21 1 0
github.com/PerfectStepCoder/yp_go_nn/src/internal/engine/utils.go:133.21,135.3 1 0
github.com/PerfectStepCoder/yp_go_nn/src/internal/engine/utils.go:138.2,145.29 4 0
github.com/PerfectStepCoder/yp_go_nn/src/internal/engine/utils.go:145.29,147.3 1 0
github.com/PerfectStepCoder/yp_go_nn/src/internal/engine/utils.go:149.2,149.15 1 0
github.com/PerfectStepCoder/yp_go_nn/src/internal/engine/utils.go:153.58,155.22 1 0
github.com/PerfectStepCoder/yp_go_nn/src/internal/engine/utils.go:155.22,157.3 1 0
github.com/PerfectStepCoder/yp_go_nn/src/internal/engine/utils.go:160.2,165.33 4 0
github.com/PerfectStepCoder/yp_go_nn/src/internal/engine/utils.go:165.33,168.17 3 0
github.com/PerfectStepCoder/yp_go_nn/src/internal/engine/utils.go:168.17,170.4 1 0
github.com/PerfectStepCoder/yp_go_nn/src/internal/engine/utils.go:171.3,171.16 1 0
github.com/PerfectStepCoder/yp_go_nn/src/internal/engine/utils.go:173.2,173.20 1 0
github.com/PerfectStepCoder/yp_go_nn/src/internal/engine/utils.go:176.43,181.26 2 0
github.com/PerfectStepCoder/yp_go_nn/src/internal/engine/utils.go:181.26,183.3 1 0
github.com/PerfectStepCoder/yp_go_nn/src/internal/engine/utils.go:185.2,185.15 1 0
github.com/PerfectStepCoder/yp_go_nn/src/internal/engine/utils.go:188.60,192.28 2 0
github.com/PerfectStepCoder/yp_go_nn/src/internal/engine/utils.go:192.28,195.29 2 0
github.com/PerfectStepCoder/yp_go_nn/src/internal/engine/utils.go:195.29,198.18 2 0
github.com/PerfectStepCoder/yp_go_nn/src/internal/engine/utils.go:198.18,200.5 1 0
github.com/PerfectStepCoder/yp_go_nn/src/internal/engine/utils.go:202.3,202.31 1 0
github.com/PerfectStepCoder/yp_go_nn/src/internal/engine/utils.go:205.2,205.20 1 0
github.com/PerfectStepCoder/yp_go_nn/src/internal/security/passwords.go:7.52,9.16 2 0
github.com/PerfectStepCoder/yp_go_nn/src/internal/security/passwords.go:9.16,11.3 1 0
github.com/PerfectStepCoder/yp_go_nn/src/internal/security/passwords.go:12.2,12.26 1 0
github.com/PerfectStepCoder/yp_go_nn/src/internal/security/passwords.go:15.58,18.2 2 0
github.com/PerfectStepCoder/yp_go_nn/src/internal/security/tokens.go:17.61,31.2 4 0
github.com/PerfectStepCoder/yp_go_nn/src/internal/security/tokens.go:34.73,37.9 2 0
github.com/PerfectStepCoder/yp_go_nn/src/internal/security/tokens.go:37.9,39.3 1 0
github.com/PerfectStepCoder/yp_go_nn/src/internal/security/tokens.go:41.2,42.9 2 0
github.com/PerfectStepCoder/yp_go_nn/src/internal/security/tokens.go:42.9,44.3 1 0
github.com/PerfectStepCoder/yp_go_nn/src/internal/security/tokens.go:47.2,50.8 1 0
github.com/PerfectStepCoder/yp_go_nn/src/cmd/console/main.go:8.13,25.17 5 0
github.com/PerfectStepCoder/yp_go_nn/src/cmd/console/main.go:25.17,28.3 2 0
github.com/PerfectStepCoder/yp_go_nn/src/cmd/console/main.go:30.2,30.37 1 0
github.com/PerfectStepCoder/yp_go_nn/src/cmd/console/main.go:30.37,41.3 2 0
github.com/PerfectStepCoder/yp_go_nn/src/cmd/console/main.go:42.2,42.21 1 0
github.com/PerfectStepCoder/yp_go_nn/src/internal/proto/gen/models.pb.go:35.34,40.2 4 0
github.com/PerfectStepCoder/yp_go_nn/src/internal/proto/gen/models.pb.go:42.42,44.2 1 0
github.com/PerfectStepCoder/yp_go_nn/src/internal/proto/gen/models.pb.go:46.40,46.41 0 0
github.com/PerfectStepCoder/yp_go_nn/src/internal/proto/gen/models.pb.go:48.62,50.14 2 0
github.com/PerfectStepCoder/yp_go_nn/src/internal/proto/gen/models.pb.go:50.14,52.34 2 0
github.com/PerfectStepCoder/yp_go_nn/src/internal/proto/gen/models.pb.go:52.34,54.4 1 0
github.com/PerfectStepCoder/yp_go_nn/src/internal/proto/gen/models.pb.go:55.3,55.12 1 0
github.com/PerfectStepCoder/yp_go_nn/src/internal/proto/gen/models.pb.go:57.2,57.24 1 0
github.com/PerfectStepCoder/yp_go_nn/src/internal/proto/gen/models.pb.go:61.53,63.2 1 0
github.com/PerfectStepCoder/yp_go_nn/src/internal/proto/gen/models.pb.go:65.46,66.14 1 0
github.com/PerfectStepCoder/yp_go_nn/src/internal/proto/gen/models.pb.go:66.14,68.3 1 0
github.com/PerfectStepCoder/yp_go_nn/src/internal/proto/gen/models.pb.go:69.2,69.11 1 0
github.com/PerfectStepCoder/yp_go_nn/src/internal/proto/gen/models.pb.go:72.44,73.14 1 0
github.com/PerfectStepCoder/yp_go_nn/src/internal/proto/gen/models.pb.go:73.14,75.3 1 0
github.com/PerfectStepCoder/yp_go_nn/src/internal/proto/gen/models.pb.go:76.2,76.12 1 0
github.com/PerfectStepCoder/yp_go_nn/src/internal/proto/gen/models.pb.go:79.44,80.14 1 0
github.com/PerfectStepCoder/yp_go_nn/src/internal/proto/gen/models.pb.go:80.14,82.3 1 0
github.com/PerfectStepCoder/yp_go_nn/src/internal/proto/gen/models.pb.go:83.2,83.10 1 0
github.com/PerfectStepCoder/yp_go_nn/src/internal/proto/gen/models.pb.go:86.43,87.14 1 0
github.com/PerfectStepCoder/yp_go_nn/src/internal/proto/gen/models.pb.go:87.14,89.3 1 0
github.com/PerfectStepCoder/yp_go_nn/src/internal/proto/gen/models.pb.go:90.2,90.10 1 0
github.com/PerfectStepCoder/yp_go_nn/src/internal/proto/gen/models.pb.go:103.35,108.2 4 0
github.com/PerfectStepCoder/yp_go_nn/src/internal/proto/gen/models.pb.go:110.43,112.2 1 0
github.com/PerfectStepCoder/yp_go_nn/src/internal/proto/gen/models.pb.go:114.41,114.42 0 0
github.com/PerfectStepCoder/yp_go_nn/src/internal/proto/gen/models.pb.go:116.63,118.14 2 0
github.com/PerfectStepCoder/yp_go_nn/src/internal/proto/gen/models.pb.go:118.14,120.34 2 0
github.com/PerfectStepCoder/yp_go_nn/src/internal/proto/gen/models.pb.go:120.34,122.4 1 0
github.com/PerfectStepCoder/yp_go_nn/src/internal/proto/gen/models.pb.go:123.3,123.12 1 0
github.com/PerfectStepCoder/yp_go_nn/src/internal/proto/gen/models.pb.go:125.2,125.24 1 0
github.com/PerfectStepCoder/yp_go_nn/src/internal/proto/gen/models.pb.go:129.54,131.2 1 0
github.com/PerfectStepCoder/yp_go_nn/src/internal/proto/gen/models.pb.go:133.47,134.14 1 0
github.com/PerfectStepCoder/yp_go_nn/src/internal/proto/gen/models.pb.go:134.14,136.3 1 0
github.com/PerfectStepCoder/yp_go_nn/src/internal/proto/gen/models.pb.go:137.2,137.11 1 0
github.com/PerfectStepCoder/yp_go_nn/src/internal/proto/gen/models.pb.go:140.49,141.14 1 0
github.com/PerfectStepCoder/yp_go_nn/src/internal/proto/gen/models.pb.go:141.14,143.3 1 0
github.com/PerfectStepCoder/yp_go_nn/src/internal/proto/gen/models.pb.go:144.2,144.11 1 0
github.com/PerfectStepCoder/yp_go_nn/src/internal/proto/gen/models.pb.go:159.36,164.2 4 0
github.com/PerfectStepCoder/yp_go_nn/src/internal/proto/gen/models.pb.go:166.44,168.2 1 0
github.com/PerfectStepCoder/yp_go_nn/src/internal/proto/gen/models.pb.go:170.42,170.43 0 0
github.com/PerfectStepCoder/yp_go_nn/src/internal/proto/gen/models.pb.go:172.64,174.14 2 0
github.com/PerfectStepCoder/yp_go_nn/src/internal/proto/gen/models.pb.go:174.14,176.34 2 0
github.com/PerfectStepCoder/yp_go_nn/src/internal/proto/gen/models.pb.go:176.34,178.4 1 0
github.com/PerfectStepCoder/yp_go_nn/src/internal/proto/gen/models.pb.go:179.3,179.12 1 0
github.com/PerfectStepCoder/yp_go_nn/src/internal/proto/gen/models.pb.go:181.2,181.24 1 0
github.com/PerfectStepCoder/yp_go_nn/src/internal/proto/gen/models.pb.go:185.55,187.2 1 0
github.com/PerfectStepCoder/yp_go_nn/src/internal/proto/gen/models.pb.go:189.48,190.14 1 0
github.com/PerfectStepCoder/yp_go_nn/src/internal/proto/gen/models.pb.go:190.14,192.3 1 0
github.com/PerfectStepCoder/yp_go_nn/src/internal/proto/gen/models.pb.go:193.2,193.11 1 0
github.com/PerfectStepCoder/yp_go_nn/src/internal/proto/gen/models.pb.go:196.49,197.14 1 0
github.com/PerfectStepCoder/yp_go_nn/src/internal/proto/gen/models.pb.go:197.14,199.3 1 0
github.com/PerfectStepCoder/yp_go_nn/src/internal/proto/gen/models.pb.go:200.2,200.12 1 0
github.com/PerfectStepCoder/yp_go_nn/src/internal/proto/gen/models.pb.go:203.46,204.14 1 0
github.com/PerfectStepCoder/yp_go_nn/src/internal/proto/gen/models.pb.go:204.14,206.3 1 0
github.com/PerfectStepCoder/yp_go_nn/src/internal/proto/gen/models.pb.go:207.2,207.10 1 0
github.com/PerfectStepCoder/yp_go_nn/src/internal/proto/gen/models.pb.go:210.45,211.14 1 0
github.com/PerfectStepCoder/yp_go_nn/src/internal/proto/gen/models.pb.go:211.14,213.3 1 0
github.com/PerfectStepCoder/yp_go_nn/src/internal/proto/gen/models.pb.go:214.2,214.10 1 0
github.com/PerfectStepCoder/yp_go_nn/src/internal/proto/gen/models.pb.go:227.37,232.2 4 0
github.com/PerfectStepCoder/yp_go_nn/src/internal/proto/gen/models.pb.go:234.45,236.2 1 0
github.com/PerfectStepCoder/yp_go_nn/src/internal/proto/gen/models.pb.go:238.43,238.44 0 0
github.com/PerfectStepCoder/yp_go_nn/src/internal/proto/gen/models.pb.go:240.65,242.14 2 0
github.com/PerfectStepCoder/yp_go_nn/src/internal/proto/gen/models.pb.go:242.14,244.34 2 0
github.com/PerfectStepCoder/yp_go_nn/src/internal/proto/gen/models.pb.go:244.34,246.4 1 0
github.com/PerfectStepCoder/yp_go_nn/src/internal/proto/gen/models.pb.go:247.3,247.12 1 0
github.com/PerfectStepCoder/yp_go_nn/src/internal/proto/gen/models.pb.go:249.2,249.24 1 0
github.com/PerfectStepCoder/yp_go_nn/src/internal/proto/gen/models.pb.go:253.56,255.2 1 0
github.com/PerfectStepCoder/yp_go_nn/src/internal/proto/gen/models.pb.go:257.49,258.14 1 0
github.com/PerfectStepCoder/yp_go_nn/src/internal/proto/gen/models.pb.go:258.14,260.3 1 0
github.com/PerfectStepCoder/yp_go_nn/src/internal/proto/gen/models.pb.go:261.2,261.11 1 0
github.com/PerfectStepCoder/yp_go_nn/src/internal/proto/gen/models.pb.go:264.54,265.14 1 0
github.com/PerfectStepCoder/yp_go_nn/src/internal/proto/gen/models.pb.go:265.14,267.3 1 0
github.com/PerfectStepCoder/yp_go_nn/src/internal/proto/gen/models.pb.go:268.2,268.12 1 0
github.com/PerfectStepCoder/yp_go_nn/src/internal/proto/gen/models.pb.go:281.41,286.2 4 0
github.com/PerfectStepCoder/yp_go_nn/src/internal/proto/gen/models.pb.go:288.49,290.2 1 0
github.com/PerfectStepCoder/yp_go_nn/src/internal/proto/gen/models.pb.go:292.47,292.48 0 0
github.com/PerfectStepCoder/yp_go_nn/src/internal/proto/gen/models.pb.go:294.69,296.14 2 0
github.com/PerfectStepCoder/yp_go_nn/src/internal/proto/gen/models.pb.go:296.14,298.34 2 0
github.com/PerfectStepCoder/yp_go_nn/src/internal/proto/gen/models.pb.go:298.34,300.4 1 0
github.com/PerfectStepCoder/yp_go_nn/src/internal/proto/gen/models.pb.go:301.3,301.12 1 0
github.com/PerfectStepCoder/yp_go_nn/src/internal/proto/gen/models.pb.go:303.2,303.24 1 0
github.com/PerfectStepCoder/yp_go_nn/src/internal/proto/gen/models.pb.go:307.60,309.2 1 0
github.com/PerfectStepCoder/yp_go_nn/src/internal/proto/gen/models.pb.go:311.53,312.14 1 0
github.com/PerfectStepCoder/yp_go_nn/src/internal/proto/gen/models.pb.go:312.14,314.3 1 0
github.com/PerfectStepCoder/yp_go_nn/src/internal/proto/gen/models.pb.go:315.2,315.11 1 0
github.com/PerfectStepCoder/yp_go_nn/src/internal/proto/gen/models.pb.go:318.57,319.14 1 0
github.com/PerfectStepCoder/yp_go_nn/src/internal/proto/gen/models.pb.go:319.14,321.3 1 0
github.com/PerfectStepCoder/yp_go_nn/src/internal/proto/gen/models.pb.go:322.2,322.12 1 0
github.com/PerfectStepCoder/yp_go_nn/src/internal/proto/gen/models.pb.go:336.33,341.2 4 0
github.com/PerfectStepCoder/yp_go_nn/src/internal/proto/gen/models.pb.go:343.41,345.2 1 0
github.com/PerfectStepCoder/yp_go_nn/src/internal/proto/gen/models.pb.go:347.39,347.40 0 0
github.com/PerfectStepCoder/yp_go_nn/src/internal/proto/gen/models.pb.go:349.61,351.14 2 0
github.com/PerfectStepCoder/yp_go_nn/src/internal/proto/gen/models.pb.go:351.14,353.34 2 0
github.com/PerfectStepCoder/yp_go_nn/src/internal/proto/gen/models.pb.go:353.34,355.4 1 0
github.com/PerfectStepCoder/yp_go_nn/src/internal/proto/gen/models.pb.go:356.3,356.12 1 0
github.com/PerfectStepCoder/yp_go_nn/src/internal/proto/gen/models.pb.go:358.2,358.24 1 0
github.com/PerfectStepCoder/yp_go_nn/src/internal/proto/gen/models.pb.go:362.52,364.2 1 0
github.com/PerfectStepCoder/yp_go_nn/src/internal/proto/gen/models.pb.go:366.42,367.14 1 0
github.com/PerfectStepCoder/yp_go_nn/src/internal/proto/gen/models.pb.go:367.14,369.3 1 0
github.com/PerfectStepCoder/yp_go_nn/src/internal/proto/gen/models.pb.go:370.2,370.11 1 0
github.com/PerfectStepCoder/yp_go_nn/src/internal/proto/gen/models.pb.go:373.49,374.14 1 0
github.com/PerfectStepCoder/yp_go_nn/src/internal/proto/gen/models.pb.go:374.14,376.3 1 0
github.com/PerfectStepCoder/yp_go_nn/src/internal/proto/gen/models.pb.go:377.2,377.11 1 0
github.com/PerfectStepCoder/yp_go_nn/src/internal/proto/gen/models.pb.go:380.45,381.14 1 0
github.com/PerfectStepCoder/yp_go_nn/src/internal/proto/gen/models.pb.go:381.14,383.3 1 0
github.com/PerfectStepCoder/yp_go_nn/src/internal/proto/gen/models.pb.go:384.2,384.11 1 0
github.com/PerfectStepCoder/yp_go_nn/src/internal/proto/gen/models.pb.go:396.37,401.2 4 0
github.com/PerfectStepCoder/yp_go_nn/src/internal/proto/gen/models.pb.go:403.45,405.2 1 0
github.com/PerfectStepCoder/yp_go_nn/src/internal/proto/gen/models.pb.go:407.43,407.44 0 0
github.com/PerfectStepCoder/yp_go_nn/src/internal/proto/gen/models.pb.go:409.65,411.14 2 0
github.com/PerfectStepCoder/yp_go_nn/src/internal/proto/gen/models.pb.go:411.14,413.34 2 0
github.com/PerfectStepCoder/yp_go_nn/src/internal/proto/gen/models.pb.go:413.34,415.4 1 0
github.com/PerfectStepCoder/yp_go_nn/src/internal/proto/gen/models.pb.go:416.3,416.12 1 0
github.com/PerfectStepCoder/yp_go_nn/src/internal/proto/gen/models.pb.go:418.2,418.24 1 0
github.com/PerfectStepCoder/yp_go_nn/src/internal/proto/gen/models.pb.go:422.56,424.2 1 0
github.com/PerfectStepCoder/yp_go_nn/src/internal/proto/gen/models.pb.go:426.61,427.14 1 0
github.com/PerfectStepCoder/yp_go_nn/src/internal/proto/gen/models.pb.go:427.14,429.3 1 0
github.com/PerfectStepCoder/yp_go_nn/src/internal/proto/gen/models.pb.go:430.2,430.12 1 0
github.com/PerfectStepCoder/yp_go_nn/src/internal/proto/gen/models.pb.go:442.38,447.2 4 0
github.com/PerfectStepCoder/yp_go_nn/src/internal/proto/gen/models.pb.go:449.46,451.2 1 0
github.com/PerfectStepCoder/yp_go_nn/src/internal/proto/gen/models.pb.go:453.44,453.45 0 0
github.com/PerfectStepCoder/yp_go_nn/src/internal/proto/gen/models.pb.go:455.66,457.14 2 0
github.com/PerfectStepCoder/yp_go_nn/src/internal/proto/gen/models.pb.go:457.14,459.34 2 0
github.com/PerfectStepCoder/yp_go_nn/src/internal/proto/gen/models.pb.go:459.34,461.4 1 0
github.com/PerfectStepCoder/yp_go_nn/src/internal/proto/gen/models.pb.go:462.3,462.12 1 0
github.com/PerfectStepCoder/yp_go_nn/src/internal/proto/gen/models.pb.go:464.2,464.24 1 0
github.com/PerfectStepCoder/yp_go_nn/src/internal/proto/gen/models.pb.go:468.57,470.2 1 0
github.com/PerfectStepCoder/yp_go_nn/src/internal/proto/gen/models.pb.go:472.63,473.14 1 0
github.com/PerfectStepCoder/yp_go_nn/src/internal/proto/gen/models.pb.go:473.14,475.3 1 0
github.com/PerfectStepCoder/yp_go_nn/src/internal/proto/gen/models.pb.go:476.2,476.12 1 0
github.com/PerfectStepCoder/yp_go_nn/src/internal/proto/gen/models.pb.go:536.45,537.42 1 0
github.com/PerfectStepCoder/yp_go_nn/src/internal/proto/gen/models.pb.go:537.42,539.3 1 0
github.com/PerfectStepCoder/yp_go_nn/src/internal/proto/gen/models.pb.go:540.2,540.38 1 0
github.com/PerfectStepCoder/yp_go_nn/src/internal/proto/gen/models.pb.go:564.13,564.41 1 0
github.com/PerfectStepCoder/yp_go_nn/src/internal/proto/gen/models.pb.go:565.31,566.30 1 0
github.com/PerfectStepCoder/yp_go_nn/src/internal/proto/gen/models.pb.go:566.30,568.3 1 0
github.com/PerfectStepCoder/yp_go_nn/src/internal/proto/gen/models.pb.go:569.2,586.33 6 0
github.com/PerfectStepCoder/yp_go_nn/src/internal/proto/gen/server.pb.go:85.13,85.41 1 0
github.com/PerfectStepCoder/yp_go_nn/src/internal/proto/gen/server.pb.go:86.31,87.30 1 0
github.com/PerfectStepCoder/yp_go_nn/src/internal/proto/gen/server.pb.go:87.30,89.3 1 0
github.com/PerfectStepCoder/yp_go_nn/src/internal/proto/gen/server.pb.go:90.2,107.33 7 0
github.com/PerfectStepCoder/yp_go_nn/src/internal/proto/gen/server_grpc.pb.go:45.72,47.2 1 0
github.com/PerfectStepCoder/yp_go_nn/src/internal/proto/gen/server_grpc.pb.go:49.125,53.16 4 0
github.com/PerfectStepCoder/yp_go_nn/src/internal/proto/gen/server_grpc.pb.go:53.16,55.3 1 0
github.com/PerfectStepCoder/yp_go_nn/src/internal/proto/gen/server_grpc.pb.go:56.2,56.17 1 0
github.com/PerfectStepCoder/yp_go_nn/src/internal/proto/gen/server_grpc.pb.go:59.134,63.16 4 0
github.com/PerfectStepCoder/yp_go_nn/src/internal/proto/gen/server_grpc.pb.go:63.16,65.3 1 0
github.com/PerfectStepCoder/yp_go_nn/src/internal/proto/gen/server_grpc.pb.go:66.2,66.17 1 0
github.com/PerfectStepCoder/yp_go_nn/src/internal/proto/gen/server_grpc.pb.go:69.140,73.16 4 0
github.com/PerfectStepCoder/yp_go_nn/src/internal/proto/gen/server_grpc.pb.go:73.16,75.3 1 0
github.com/PerfectStepCoder/yp_go_nn/src/internal/proto/gen/server_grpc.pb.go:76.2,76.17 1 0
github.com/PerfectStepCoder/yp_go_nn/src/internal/proto/gen/server_grpc.pb.go:79.148,83.16 4 0
github.com/PerfectStepCoder/yp_go_nn/src/internal/proto/gen/server_grpc.pb.go:83.16,85.3 1 0
github.com/PerfectStepCoder/yp_go_nn/src/internal/proto/gen/server_grpc.pb.go:86.2,86.17 1 0
github.com/PerfectStepCoder/yp_go_nn/src/internal/proto/gen/server_grpc.pb.go:89.143,93.16 4 0
github.com/PerfectStepCoder/yp_go_nn/src/internal/proto/gen/server_grpc.pb.go:93.16,95.3 1 0
github.com/PerfectStepCoder/yp_go_nn/src/internal/proto/gen/server_grpc.pb.go:96.2,96.17 1 0
github.com/PerfectStepCoder/yp_go_nn/src/internal/proto/gen/server_grpc.pb.go:118.103,120.2 1 0
github.com/PerfectStepCoder/yp_go_nn/src/internal/proto/gen/server_grpc.pb.go:121.112,123.2 1 0
github.com/PerfectStepCoder/yp_go_nn/src/internal/proto/gen/server_grpc.pb.go:124.118,126.2 1 0
github.com/PerfectStepCoder/yp_go_nn/src/internal/proto/gen/server_grpc.pb.go:127.126,129.2 1 0
github.com/PerfectStepCoder/yp_go_nn/src/internal/proto/gen/server_grpc.pb.go:130.121,132.2 1 0
github.com/PerfectStepCoder/yp_go_nn/src/internal/proto/gen/server_grpc.pb.go:133.80,133.81 0 0
github.com/PerfectStepCoder/yp_go_nn/src/internal/proto/gen/server_grpc.pb.go:134.80,134.81 0 0
github.com/PerfectStepCoder/yp_go_nn/src/internal/proto/gen/server_grpc.pb.go:143.78,148.59 1 0
github.com/PerfectStepCoder/yp_go_nn/src/internal/proto/gen/server_grpc.pb.go:148.59,150.3 1 0
github.com/PerfectStepCoder/yp_go_nn/src/internal/proto/gen/server_grpc.pb.go:151.2,151.49 1 0
github.com/PerfectStepCoder/yp_go_nn/src/internal/proto/gen/server_grpc.pb.go:154.163,156.32 2 0
github.com/PerfectStepCoder/yp_go_nn/src/internal/proto/gen/server_grpc.pb.go:156.32,158.3 1 0
github.com/PerfectStepCoder/yp_go_nn/src/internal/proto/gen/server_grpc.pb.go:159.2,159.24 1 0
github.com/PerfectStepCoder/yp_go_nn/src/internal/proto/gen/server_grpc.pb.go:159.24,161.3 1 0
github.com/PerfectStepCoder/yp_go_nn/src/internal/proto/gen/server_grpc.pb.go:162.2,166.77 2 0
github.com/PerfectStepCoder/yp_go_nn/src/internal/proto/gen/server_grpc.pb.go:166.77,168.3 1 0
github.com/PerfectStepCoder/yp_go_nn/src/internal/proto/gen/server_grpc.pb.go:169.2,169.44 1 0
github.com/PerfectStepCoder/yp_go_nn/src/internal/proto/gen/server_grpc.pb.go:172.169,174.32 2 0
github.com/PerfectStepCoder/yp_go_nn/src/internal/proto/gen/server_grpc.pb.go:174.32,176.3 1 0
github.com/PerfectStepCoder/yp_go_nn/src/internal/proto/gen/server_grpc.pb.go:177.2,177.24 1 0
github.com/PerfectStepCoder/yp_go_nn/src/internal/proto/gen/server_grpc.pb.go:177.24,179.3 1 0
github.com/PerfectStepCoder/yp_go_nn/src/internal/proto/gen/server_grpc.pb.go:180.2,184.77 2 0
github.com/PerfectStepCoder/yp_go_nn/src/internal/proto/gen/server_grpc.pb.go:184.77,186.3 1 0
github.com/PerfectStepCoder/yp_go_nn/src/internal/proto/gen/server_grpc.pb.go:187.2,187.44 1 0
github.com/PerfectStepCoder/yp_go_nn/src/internal/proto/gen/server_grpc.pb.go:190.171,192.32 2 0
github.com/PerfectStepCoder/yp_go_nn/src/internal/proto/gen/server_grpc.pb.go:192.32,194.3 1 0
github.com/PerfectStepCoder/yp_go_nn/src/internal/proto/gen/server_grpc.pb.go:195.2,195.24 1 0
github.com/PerfectStepCoder/yp_go_nn/src/internal/proto/gen/server_grpc.pb.go:195.24,197.3 1 0
github.com/PerfectStepCoder/yp_go_nn/src/internal/proto/gen/server_grpc.pb.go:198.2,202.77 2 0
github.com/PerfectStepCoder/yp_go_nn/src/internal/proto/gen/server_grpc.pb.go:202.77,204.3 1 0
github.com/PerfectStepCoder/yp_go_nn/src/internal/proto/gen/server_grpc.pb.go:205.2,205.44 1 0
github.com/PerfectStepCoder/yp_go_nn/src/internal/proto/gen/server_grpc.pb.go:208.175,210.32 2 0
github.com/PerfectStepCoder/yp_go_nn/src/internal/proto/gen/server_grpc.pb.go:210.32,212.3 1 0
github.com/PerfectStepCoder/yp_go_nn/src/internal/proto/gen/server_grpc.pb.go:213.2,213.24 1 0
github.com/PerfectStepCoder/yp_go_nn/src/internal/proto/gen/server_grpc.pb.go:213.24,215.3 1 0
github.com/PerfectStepCoder/yp_go_nn/src/internal/proto/gen/server_grpc.pb.go:216.2,220.77 2 0
github.com/PerfectStepCoder/yp_go_nn/src/internal/proto/gen/server_grpc.pb.go:220.77,222.3 1 0
github.com/PerfectStepCoder/yp_go_nn/src/internal/proto/gen/server_grpc.pb.go:223.2,223.44 1 0
github.com/PerfectStepCoder/yp_go_nn/src/internal/proto/gen/server_grpc.pb.go:226.172,228.32 2 0
github.com/PerfectStepCoder/yp_go_nn/src/internal/proto/gen/server_grpc.pb.go:228.32,230.3 1 0
github.com/PerfectStepCoder/yp_go_nn/src/internal/proto/gen/server_grpc.pb.go:231.2,231.24 1 0
github.com/PerfectStepCoder/yp_go_nn/src/internal/proto/gen/server_grpc.pb.go:231.24,233.3 1 0
github.com/PerfectStepCoder/yp_go_nn/src/internal/proto/gen/server_grpc.pb.go:234.2,238.77 2 0
github.com/PerfectStepCoder/yp_go_nn/src/internal/proto/gen/server_grpc.pb.go:238.77,240.3 1 0
github.com/PerfectStepCoder/yp_go_nn/src/internal/proto/gen/server_grpc.pb.go:241.2,241.44 1 0
github.com/PerfectStepCoder/yp_go_nn/src/internal/models/operator.go:26.35,31.2 2 0
github.com/PerfectStepCoder/yp_go_nn/src/internal/storage/database.go:18.80,24.16 3 0
github.com/PerfectStepCoder/yp_go_nn/src/internal/storage/database.go:24.16,26.3 1 0
github.com/PerfectStepCoder/yp_go_nn/src/internal/storage/database.go:29.2,30.16 2 0
github.com/PerfectStepCoder/yp_go_nn/src/internal/storage/database.go:30.16,32.3 1 0
github.com/PerfectStepCoder/yp_go_nn/src/internal/storage/database.go:35.2,35.59 1 0
github.com/PerfectStepCoder/yp_go_nn/src/internal/storage/database.go:35.59,37.3 1 0
github.com/PerfectStepCoder/yp_go_nn/src/internal/storage/database.go:38.2,40.25 2 0
github.com/PerfectStepCoder/yp_go_nn/src/internal/storage/database.go:43.83,44.48 1 0
github.com/PerfectStepCoder/yp_go_nn/src/internal/storage/database.go:44.48,46.3 1 0
github.com/PerfectStepCoder/yp_go_nn/src/internal/storage/database.go:47.2,47.39 1 0
github.com/PerfectStepCoder/yp_go_nn/src/internal/storage/database.go:50.74,52.48 2 0
github.com/PerfectStepCoder/yp_go_nn/src/internal/storage/database.go:52.48,54.3 1 0
github.com/PerfectStepCoder/yp_go_nn/src/internal/storage/database.go:55.2,55.19 1 0
github.com/PerfectStepCoder/yp_go_nn/src/internal/storage/database.go:58.92,60.87 2 0
github.com/PerfectStepCoder/yp_go_nn/src/internal/storage/database.go:60.87,62.3 1 0
github.com/PerfectStepCoder/yp_go_nn/src/internal/storage/database.go:63.2,63.19 1 0
github.com/PerfectStepCoder/yp_go_nn/src/internal/storage/database.go:66.86,68.72 2 0
github.com/PerfectStepCoder/yp_go_nn/src/internal/storage/database.go:68.72,70.3 1 0
github.com/PerfectStepCoder/yp_go_nn/src/internal/storage/database.go:71.2,71.19 1 0
github.com/PerfectStepCoder/yp_go_nn/src/internal/storage/database.go:74.37,75.17 1 0
github.com/PerfectStepCoder/yp_go_nn/src/internal/storage/database.go:75.17,77.17 2 0
github.com/PerfectStepCoder/yp_go_nn/src/internal/storage/database.go:77.17,79.4 1 0
github.com/PerfectStepCoder/yp_go_nn/src/internal/storage/database.go:80.3,80.16 1 0
github.com/PerfectStepCoder/yp_go_nn/src/api/irest/auth.go:24.68,25.58 1 0
github.com/PerfectStepCoder/yp_go_nn/src/api/irest/auth.go:25.58,27.69 2 0
github.com/PerfectStepCoder/yp_go_nn/src/api/irest/auth.go:27.69,30.4 2 0
github.com/PerfectStepCoder/yp_go_nn/src/api/irest/auth.go:32.3,32.82 1 0
github.com/PerfectStepCoder/yp_go_nn/src/api/irest/auth.go:32.82,34.4 1 0
github.com/PerfectStepCoder/yp_go_nn/src/api/irest/auth.go:36.3,36.66 1 0
github.com/PerfectStepCoder/yp_go_nn/src/api/irest/auth.go:36.66,37.78 1 0
github.com/PerfectStepCoder/yp_go_nn/src/api/irest/auth.go:37.78,39.5 1 0
github.com/PerfectStepCoder/yp_go_nn/src/api/irest/auth.go:39.10,41.5 1 0
github.com/PerfectStepCoder/yp_go_nn/src/api/irest/auth.go:42.4,42.10 1 0
github.com/PerfectStepCoder/yp_go_nn/src/api/irest/auth.go:45.3,51.17 3 0
github.com/PerfectStepCoder/yp_go_nn/src/api/irest/auth.go:51.17,54.4 2 0
github.com/PerfectStepCoder/yp_go_nn/src/api/irest/auth.go:55.3,57.38 2 0
github.com/PerfectStepCoder/yp_go_nn/src/api/irest/auth.go:72.65,73.54 1 0
github.com/PerfectStepCoder/yp_go_nn/src/api/irest/auth.go:73.54,75.62 2 0
github.com/PerfectStepCoder/yp_go_nn/src/api/irest/auth.go:75.62,78.4 2 0
github.com/PerfectStepCoder/yp_go_nn/src/api/irest/auth.go:81.3,82.77 2 0
github.com/PerfectStepCoder/yp_go_nn/src/api/irest/auth.go:82.77,85.4 2 0
github.com/PerfectStepCoder/yp_go_nn/src/api/irest/auth.go:88.3,89.17 2 0
github.com/PerfectStepCoder/yp_go_nn/src/api/irest/auth.go:89.17,92.4 2 0
github.com/PerfectStepCoder/yp_go_nn/src/api/irest/auth.go:95.3,97.31 3 0
github.com/PerfectStepCoder/yp_go_nn/src/api/irest/helpers.go:13.69,16.16 2 0
github.com/PerfectStepCoder/yp_go_nn/src/api/irest/helpers.go:16.16,18.3 1 0
github.com/PerfectStepCoder/yp_go_nn/src/api/irest/helpers.go:21.2,27.30 5 0
github.com/PerfectStepCoder/yp_go_nn/src/api/irest/helpers.go:27.30,29.30 2 0
github.com/PerfectStepCoder/yp_go_nn/src/api/irest/helpers.go:29.30,41.4 4 0
github.com/PerfectStepCoder/yp_go_nn/src/api/irest/helpers.go:44.2,44.20 1 0
github.com/PerfectStepCoder/yp_go_nn/src/api/irest/helpers.go:47.57,51.16 3 0
github.com/PerfectStepCoder/yp_go_nn/src/api/irest/helpers.go:51.16,53.3 1 0
github.com/PerfectStepCoder/yp_go_nn/src/api/irest/helpers.go:54.2,54.22 1 0
github.com/PerfectStepCoder/yp_go_nn/src/api/irest/helpers.go:58.50,68.30 5 0
github.com/PerfectStepCoder/yp_go_nn/src/api/irest/helpers.go:68.30,69.30 1 0
github.com/PerfectStepCoder/yp_go_nn/src/api/irest/helpers.go:69.30,72.4 2 0
github.com/PerfectStepCoder/yp_go_nn/src/api/irest/helpers.go:75.2,75.15 1 0
github.com/PerfectStepCoder/yp_go_nn/src/api/irest/middlewares.go:19.52,20.71 1 0
github.com/PerfectStepCoder/yp_go_nn/src/api/irest/middlewares.go:20.71,23.23 2 0
github.com/PerfectStepCoder/yp_go_nn/src/api/irest/middlewares.go:23.23,26.4 2 0
github.com/PerfectStepCoder/yp_go_nn/src/api/irest/middlewares.go:29.3,33.102 3 0
github.com/PerfectStepCoder/yp_go_nn/src/api/irest/middlewares.go:33.102,35.59 1 0
github.com/PerfectStepCoder/yp_go_nn/src/api/irest/middlewares.go:35.59,37.5 1 0
github.com/PerfectStepCoder/yp_go_nn/src/api/irest/middlewares.go:38.4,38.48 1 0
github.com/PerfectStepCoder/yp_go_nn/src/api/irest/middlewares.go:41.3,41.33 1 0
github.com/PerfectStepCoder/yp_go_nn/src/api/irest/middlewares.go:41.33,44.4 2 0
github.com/PerfectStepCoder/yp_go_nn/src/api/irest/middlewares.go:47.3,48.17 2 0
github.com/PerfectStepCoder/yp_go_nn/src/api/irest/middlewares.go:48.17,51.4 2 0
github.com/PerfectStepCoder/yp_go_nn/src/api/irest/middlewares.go:54.3,55.40 2 0
github.com/PerfectStepCoder/yp_go_nn/src/api/irest/operators.go:24.76,25.58 1 0
github.com/PerfectStepCoder/yp_go_nn/src/api/irest/operators.go:25.58,28.10 2 0
github.com/PerfectStepCoder/yp_go_nn/src/api/irest/operators.go:28.10,31.4 2 0
github.com/PerfectStepCoder/yp_go_nn/src/api/irest/operators.go:34.3,36.24 2 0
github.com/PerfectStepCoder/yp_go_nn/src/api/irest/operators.go:36.24,39.4 2 0
github.com/PerfectStepCoder/yp_go_nn/src/api/irest/operators.go:41.3,42.17 2 0
github.com/PerfectStepCoder/yp_go_nn/src/api/irest/operators.go:42.17,45.4 2 0
github.com/PerfectStepCoder/yp_go_nn/src/api/irest/operators.go:47.3,48.17 2 0
github.com/PerfectStepCoder/yp_go_nn/src/api/irest/operators.go:48.17,51.4 2 0
github.com/PerfectStepCoder/yp_go_nn/src/api/irest/operators.go:53.3,55.33 2 0
github.com/PerfectStepCoder/yp_go_nn/src/api/irest/operators.go:71.77,72.58 1 0
github.com/PerfectStepCoder/yp_go_nn/src/api/irest/operators.go:72.58,75.10 2 0
github.com/PerfectStepCoder/yp_go_nn/src/api/irest/operators.go:75.10,78.4 2 0
github.com/PerfectStepCoder/yp_go_nn/src/api/irest/operators.go:81.3,83.17 2 0
github.com/PerfectStepCoder/yp_go_nn/src/api/irest/operators.go:83.17,86.4 2 0
github.com/PerfectStepCoder/yp_go_nn/src/api/irest/operators.go:88.3,89.17 2 0
github.com/PerfectStepCoder/yp_go_nn/src/api/irest/operators.go:89.17,92.4 2 0
github.com/PerfectStepCoder/yp_go_nn/src/api/irest/operators.go:94.3,95.17 2 0
github.com/PerfectStepCoder/yp_go_nn/src/api/irest/operators.go:95.17,98.4 2 0
github.com/PerfectStepCoder/yp_go_nn/src/api/irest/operators.go:100.3,102.33 2 0
github.com/PerfectStepCoder/yp_go_nn/src/api/irest/tasks.go:26.97,27.58 1 0
github.com/PerfectStepCoder/yp_go_nn/src/api/irest/tasks.go:27.58,30.10 2 0
github.com/PerfectStepCoder/yp_go_nn/src/api/irest/tasks.go:30.10,33.4 2 0
github.com/PerfectStepCoder/yp_go_nn/src/api/irest/tasks.go:36.3,37.17 2 0
github.com/PerfectStepCoder/yp_go_nn/src/api/irest/tasks.go:37.17,40.4 2 0
github.com/PerfectStepCoder/yp_go_nn/src/api/irest/tasks.go:41.3,44.20 3 0
github.com/PerfectStepCoder/yp_go_nn/src/api/irest/tasks.go:44.20,47.4 2 0
github.com/PerfectStepCoder/yp_go_nn/src/api/irest/tasks.go:52.3,54.17 2 0
github.com/PerfectStepCoder/yp_go_nn/src/api/irest/tasks.go:54.17,57.4 2 0
github.com/PerfectStepCoder/yp_go_nn/src/api/irest/tasks.go:59.3,60.72 2 0
github.com/PerfectStepCoder/yp_go_nn/src/api/irest/tasks.go:60.72,63.4 2 0
github.com/PerfectStepCoder/yp_go_nn/src/api/irest/tasks.go:63.9,65.4 1 0
github.com/PerfectStepCoder/yp_go_nn/src/api/irest/tasks.go:67.3,74.17 3 0
github.com/PerfectStepCoder/yp_go_nn/src/api/irest/tasks.go:74.17,77.4 2 0
github.com/PerfectStepCoder/yp_go_nn/src/api/irest/tasks.go:79.3,81.33 2 0
github.com/PerfectStepCoder/yp_go_nn/src/api/irest/docs/docs.go:315.13,317.2 1 1
github.com/PerfectStepCoder/yp_go_nn/src/configs/flags.go:7.37,17.16 6 0
github.com/PerfectStepCoder/yp_go_nn/src/configs/flags.go:17.16,19.3 1 0
github.com/PerfectStepCoder/yp_go_nn/src/configs/flags.go:20.2,20.16 1 0
github.com/PerfectStepCoder/yp_go_nn/src/configs/flags.go:20.16,22.3 1 0
github.com/PerfectStepCoder/yp_go_nn/src/configs/flags.go:23.2,23.20 1 0
github.com/PerfectStepCoder/yp_go_nn/src/configs/flags.go:23.20,25.3 1 0
github.com/PerfectStepCoder/yp_go_nn/src/configs/logging.go:13.33,27.2 5 0
github.com/PerfectStepCoder/yp_go_nn/src/configs/settings.go:16.39,38.2 10 1
github.com/PerfectStepCoder/yp_go_nn/src/configs/settings.go:40.35,44.2 2 0
github.com/PerfectStepCoder/yp_go_nn/src/internal/engine/loader.go:11.82,14.16 2 1
github.com/PerfectStepCoder/yp_go_nn/src/internal/engine/loader.go:14.16,16.3 1 0
github.com/PerfectStepCoder/yp_go_nn/src/internal/engine/loader.go:17.2,22.16 4 1
github.com/PerfectStepCoder/yp_go_nn/src/internal/engine/loader.go:22.16,24.3 1 0
github.com/PerfectStepCoder/yp_go_nn/src/internal/engine/loader.go:27.2,29.37 3 1
github.com/PerfectStepCoder/yp_go_nn/src/internal/engine/loader.go:29.37,32.17 2 1
github.com/PerfectStepCoder/yp_go_nn/src/internal/engine/loader.go:32.17,34.4 1 0
github.com/PerfectStepCoder/yp_go_nn/src/internal/engine/loader.go:35.3,39.28 3 1
github.com/PerfectStepCoder/yp_go_nn/src/internal/engine/loader.go:39.28,41.18 2 1
github.com/PerfectStepCoder/yp_go_nn/src/internal/engine/loader.go:41.18,43.5 1 0
github.com/PerfectStepCoder/yp_go_nn/src/internal/engine/loader.go:44.4,44.29 1 1
github.com/PerfectStepCoder/yp_go_nn/src/internal/engine/loader.go:46.3,46.33 1 1
github.com/PerfectStepCoder/yp_go_nn/src/internal/engine/loader.go:50.2,50.86 1 1
github.com/PerfectStepCoder/yp_go_nn/src/internal/engine/loader.go:54.73,55.20 1 1
github.com/PerfectStepCoder/yp_go_nn/src/internal/engine/loader.go:55.20,56.58 1 0
github.com/PerfectStepCoder/yp_go_nn/src/internal/engine/loader.go:59.2,60.44 2 1
github.com/PerfectStepCoder/yp_go_nn/src/internal/engine/loader.go:60.44,63.22 2 1
github.com/PerfectStepCoder/yp_go_nn/src/internal/engine/loader.go:63.22,65.4 1 0
github.com/PerfectStepCoder/yp_go_nn/src/internal/engine/loader.go:68.3,69.35 2 1
github.com/PerfectStepCoder/yp_go_nn/src/internal/engine/loader.go:69.35,71.4 1 1
github.com/PerfectStepCoder/yp_go_nn/src/internal/engine/loader.go:73.3,73.35 1 1
github.com/PerfectStepCoder/yp_go_nn/src/internal/engine/loader.go:76.2,76.16 1 1
github.com/PerfectStepCoder/yp_go_nn/src/internal/engine/loader.go:80.58,81.20 1 1
github.com/PerfectStepCoder/yp_go_nn/src/internal/engine/loader.go:81.20,82.58 1 0
github.com/PerfectStepCoder/yp_go_nn/src/internal/engine/loader.go:85.2,86.44 2 1
github.com/PerfectStepCoder/yp_go_nn/src/internal/engine/loader.go:86.44,89.22 2 1
github.com/PerfectStepCoder/yp_go_nn/src/internal/engine/loader.go:89.22,91.4 1 0
github.com/PerfectStepCoder/yp_go_nn/src/internal/engine/loader.go:94.3,94.41 1 1
github.com/PerfectStepCoder/yp_go_nn/src/internal/engine/loader.go:97.2,97.16 1 1
github.com/PerfectStepCoder/yp_go_nn/src/internal/engine/loader.go:101.43,103.28 2 1
github.com/PerfectStepCoder/yp_go_nn/src/internal/engine/loader.go:103.28,105.3 1 1
github.com/PerfectStepCoder/yp_go_nn/src/internal/engine/loader.go:106.2,106.15 1 1
github.com/PerfectStepCoder/yp_go_nn/src/internal/engine/loader.go:110.47,112.31 2 0
github.com/PerfectStepCoder/yp_go_nn/src/internal/engine/loader.go:112.31,113.30 1 0
github.com/PerfectStepCoder/yp_go_nn/src/internal/engine/loader.go:113.30,115.4 1 0
github.com/PerfectStepCoder/yp_go_nn/src/internal/engine/loader.go:117.2,117.15 1 0
github.com/PerfectStepCoder/yp_go_nn/src/internal/engine/loader.go:121.87,126.38 2 1
github.com/PerfectStepCoder/yp_go_nn/src/internal/engine/loader.go:126.38,128.3 1 0
github.com/PerfectStepCoder/yp_go_nn/src/internal/engine/loader.go:131.2,134.36 3 1
github.com/PerfectStepCoder/yp_go_nn/src/internal/engine/loader.go:134.36,138.3 3 1
github.com/PerfectStepCoder/yp_go_nn/src/internal/engine/loader.go:140.2,140.26 1 1
github.com/PerfectStepCoder/yp_go_nn/src/internal/engine/mnist.go:35.40,37.2 1 0
github.com/PerfectStepCoder/yp_go_nn/src/internal/engine/mnist.go:40.50,42.32 2 0
github.com/PerfectStepCoder/yp_go_nn/src/internal/engine/mnist.go:42.32,45.3 1 0
github.com/PerfectStepCoder/yp_go_nn/src/internal/engine/mnist.go:46.2,46.19 1 0
github.com/PerfectStepCoder/yp_go_nn/src/internal/engine/nn.go:21.70,26.16 3 1
github.com/PerfectStepCoder/yp_go_nn/src/internal/engine/nn.go:26.16,27.13 1 0
github.com/PerfectStepCoder/yp_go_nn/src/internal/engine/nn.go:30.2,35.3 1 1
github.com/PerfectStepCoder/yp_go_nn/src/internal/engine/nn.go:38.37,40.2 1 0
github.com/PerfectStepCoder/yp_go_nn/src/internal/engine/nn.go:43.95,65.16 14 1
github.com/PerfectStepCoder/yp_go_nn/src/internal/engine/nn.go:65.16,67.3 1 0
github.com/PerfectStepCoder/yp_go_nn/src/internal/engine/nn.go:69.2,72.20 3 1
github.com/PerfectStepCoder/yp_go_nn/src/internal/engine/nn.go:76.98,78.52 1 1
github.com/PerfectStepCoder/yp_go_nn/src/internal/engine/nn.go:78.52,80.3 1 0
github.com/PerfectStepCoder/yp_go_nn/src/internal/engine/nn.go:80.8,82.3 1 1
github.com/PerfectStepCoder/yp_go_nn/src/internal/engine/nn.go:84.2,84.28 1 1
github.com/PerfectStepCoder/yp_go_nn/src/internal/engine/nn.go:87.95,91.52 2 0
github.com/PerfectStepCoder/yp_go_nn/src/internal/engine/nn.go:91.52,93.3 1 0
github.com/PerfectStepCoder/yp_go_nn/src/internal/engine/nn.go:93.8,95.3 1 0
github.com/PerfectStepCoder/yp_go_nn/src/internal/engine/nn.go:97.2,99.26 2 0
github.com/PerfectStepCoder/yp_go_nn/src/internal/engine/utils.go:12.47,17.29 2 1
github.com/PerfectStepCoder/yp_go_nn/src/internal/engine/utils.go:17.29,22.29 3 1
github.com/PerfectStepCoder/yp_go_nn/src/internal/engine/utils.go:22.29,23.24 1 1
github.com/PerfectStepCoder/yp_go_nn/src/internal/engine/utils.go:23.24,26.5 2 1
github.com/PerfectStepCoder/yp_go_nn/src/internal/engine/utils.go:30.3,30.27 1 1
github.com/PerfectStepCoder/yp_go_nn/src/internal/engine/utils.go:33.2,33.19 1 1
github.com/PerfectStepCoder/yp_go_nn/src/internal/engine/utils.go:41.52,43.28 1 0
github.com/PerfectStepCoder/yp_go_nn/src/internal/engine/utils.go:43.28,45.3 1 0
github.com/PerfectStepCoder/yp_go_nn/src/internal/engine/utils.go:48.2,48.22 1 0
github.com/PerfectStepCoder/yp_go_nn/src/internal/engine/utils.go:48.22,49.25 1 0
github.com/PerfectStepCoder/yp_go_nn/src/internal/engine/utils.go:49.25,51.4 1 0
github.com/PerfectStepCoder/yp_go_nn/src/internal/engine/utils.go:54.2,54.13 1 0
github.com/PerfectStepCoder/yp_go_nn/src/internal/engine/utils.go:58.66,60.28 1 1
github.com/PerfectStepCoder/yp_go_nn/src/internal/engine/utils.go:60.28,62.3 1 0
github.com/PerfectStepCoder/yp_go_nn/src/internal/engine/utils.go:65.2,66.22 2 1
github.com/PerfectStepCoder/yp_go_nn/src/internal/engine/utils.go:66.22,67.25 1 1
github.com/PerfectStepCoder/yp_go_nn/src/internal/engine/utils.go:67.25,69.4 1 1
github.com/PerfectStepCoder/yp_go_nn/src/internal/engine/utils.go:73.2,74.19 2 1
github.com/PerfectStepCoder/yp_go_nn/src/internal/engine/utils.go:78.63,82.29 2 0
github.com/PerfectStepCoder/yp_go_nn/src/internal/engine/utils.go:82.29,83.29 1 0
github.com/PerfectStepCoder/yp_go_nn/src/internal/engine/utils.go:83.29,85.73 1 0
github.com/PerfectStepCoder/yp_go_nn/src/internal/engine/utils.go:85.73,87.5 1 0
github.com/PerfectStepCoder/yp_go_nn/src/internal/engine/utils.go:91.2,91.25 1 0
github.com/PerfectStepCoder/yp_go_nn/src/internal/engine/utils.go:95.77,98.33 2 0
github.com/PerfectStepCoder/yp_go_nn/src/internal/engine/utils.go:98.33,100.3 1 0
github.com/PerfectStepCoder/yp_go_nn/src/internal/engine/utils.go:103.2,104.24 2 0
github.com/PerfectStepCoder/yp_go_nn/src/internal/engine/utils.go:104.24,106.3 1 0
github.com/PerfectStepCoder/yp_go_nn/src/internal/engine/utils.go:109.2,109.28 1 0
github.com/PerfectStepCoder/yp_go_nn/src/internal/engine/utils.go:109.28,110.29 1 0
github.com/PerfectStepCoder/yp_go_nn/src/internal/engine/utils.go:110.29,114.4 3 0
github.com/PerfectStepCoder/yp_go_nn/src/internal/engine/utils.go:117.2,117.20 1 0
github.com/PerfectStepCoder/yp_go_nn/src/internal/engine/utils.go:121.57,123.14 2 0
github.com/PerfectStepCoder/yp_go_nn/src/internal/engine/utils.go:123.14,125.3 1 0
github.com/PerfectStepCoder/yp_go_nn/src/internal/engine/utils.go:126.2,126.19 1 0
github.com/PerfectStepCoder/yp_go_nn/src/internal/engine/utils.go:130.51,133.21 1 0
github.com/PerfectStepCoder/yp_go_nn/src/internal/engine/utils.go:133.21,135.3 1 0
github.com/PerfectStepCoder/yp_go_nn/src/internal/engine/utils.go:138.2,145.29 4 0
github.com/PerfectStepCoder/yp_go_nn/src/internal/engine/utils.go:145.29,147.3 1 0
github.com/PerfectStepCoder/yp_go_nn/src/internal/engine/utils.go:149.2,149.15 1 0
github.com/PerfectStepCoder/yp_go_nn/src/internal/engine/utils.go:153.58,155.22 1 1
github.com/PerfectStepCoder/yp_go_nn/src/internal/engine/utils.go:155.22,157.3 1 0
github.com/PerfectStepCoder/yp_go_nn/src/internal/engine/utils.go:160.2,165.33 4 1
github.com/PerfectStepCoder/yp_go_nn/src/internal/engine/utils.go:165.33,168.17 3 1
github.com/PerfectStepCoder/yp_go_nn/src/internal/engine/utils.go:168.17,170.4 1 0
github.com/PerfectStepCoder/yp_go_nn/src/internal/engine/utils.go:171.3,171.16 1 1
github.com/PerfectStepCoder/yp_go_nn/src/internal/engine/utils.go:173.2,173.20 1 1
github.com/PerfectStepCoder/yp_go_nn/src/internal/engine/utils.go:176.43,181.26 2 1
github.com/PerfectStepCoder/yp_go_nn/src/internal/engine/utils.go:181.26,183.3 1 1
github.com/PerfectStepCoder/yp_go_nn/src/internal/engine/utils.go:185.2,185.15 1 1
github.com/PerfectStepCoder/yp_go_nn/src/internal/engine/utils.go:188.60,192.28 2 1
github.com/PerfectStepCoder/yp_go_nn/src/internal/engine/utils.go:192.28,195.29 2 1
github.com/PerfectStepCoder/yp_go_nn/src/internal/engine/utils.go:195.29,198.18 2 1
github.com/PerfectStepCoder/yp_go_nn/src/internal/engine/utils.go:198.18,200.5 1 0
github.com/PerfectStepCoder/yp_go_nn/src/internal/engine/utils.go:202.3,202.31 1 1
github.com/PerfectStepCoder/yp_go_nn/src/internal/engine/utils.go:205.2,205.20 1 1
github.com/PerfectStepCoder/yp_go_nn/src/internal/models/operator.go:26.35,31.2 2 0
github.com/PerfectStepCoder/yp_go_nn/src/internal/proto/gen/models.pb.go:35.34,40.2 4 0
github.com/PerfectStepCoder/yp_go_nn/src/internal/proto/gen/models.pb.go:42.42,44.2 1 0
github.com/PerfectStepCoder/yp_go_nn/src/internal/proto/gen/models.pb.go:46.40,46.41 0 0
github.com/PerfectStepCoder/yp_go_nn/src/internal/proto/gen/models.pb.go:48.62,50.14 2 0
github.com/PerfectStepCoder/yp_go_nn/src/internal/proto/gen/models.pb.go:50.14,52.34 2 0
github.com/PerfectStepCoder/yp_go_nn/src/internal/proto/gen/models.pb.go:52.34,54.4 1 0
github.com/PerfectStepCoder/yp_go_nn/src/internal/proto/gen/models.pb.go:55.3,55.12 1 0
github.com/PerfectStepCoder/yp_go_nn/src/internal/proto/gen/models.pb.go:57.2,57.24 1 0
github.com/PerfectStepCoder/yp_go_nn/src/internal/proto/gen/models.pb.go:61.53,63.2 1 0
github.com/PerfectStepCoder/yp_go_nn/src/internal/proto/gen/models.pb.go:65.46,66.14 1 0
github.com/PerfectStepCoder/yp_go_nn/src/internal/proto/gen/models.pb.go:66.14,68.3 1 0
github.com/PerfectStepCoder/yp_go_nn/src/internal/proto/gen/models.pb.go:69.2,69.11 1 0
github.com/PerfectStepCoder/yp_go_nn/src/internal/proto/gen/models.pb.go:72.44,73.14 1 0
github.com/PerfectStepCoder/yp_go_nn/src/internal/proto/gen/models.pb.go:73.14,75.3 1 0
github.com/PerfectStepCoder/yp_go_nn/src/internal/proto/gen/models.pb.go:76.2,76.12 1 0
github.com/PerfectStepCoder/yp_go_nn/src/internal/proto/gen/models.pb.go:79.44,80.14 1 0
github.com/PerfectStepCoder/yp_go_nn/src/internal/proto/gen/models.pb.go:80.14,82.3 1 0
github.com/PerfectStepCoder/yp_go_nn/src/internal/proto/gen/models.pb.go:83.2,83.10 1 0
github.com/PerfectStepCoder/yp_go_nn/src/internal/proto/gen/models.pb.go:86.43,87.14 1 0
github.com/PerfectStepCoder/yp_go_nn/src/internal/proto/gen/models.pb.go:87.14,89.3 1 0
github.com/PerfectStepCoder/yp_go_nn/src/internal/proto/gen/models.pb.go:90.2,90.10 1 0
github.com/PerfectStepCoder/yp_go_nn/src/internal/proto/gen/models.pb.go:103.35,108.2 4 0
github.com/PerfectStepCoder/yp_go_nn/src/internal/proto/gen/models.pb.go:110.43,112.2 1 0
github.com/PerfectStepCoder/yp_go_nn/src/internal/proto/gen/models.pb.go:114.41,114.42 0 0
github.com/PerfectStepCoder/yp_go_nn/src/internal/proto/gen/models.pb.go:116.63,118.14 2 0
github.com/PerfectStepCoder/yp_go_nn/src/internal/proto/gen/models.pb.go:118.14,120.34 2 0
github.com/PerfectStepCoder/yp_go_nn/src/internal/proto/gen/models.pb.go:120.34,122.4 1 0
github.com/PerfectStepCoder/yp_go_nn/src/internal/proto/gen/models.pb.go:123.3,123.12 1 0
github.com/PerfectStepCoder/yp_go_nn/src/internal/proto/gen/models.pb.go:125.2,125.24 1 0
github.com/PerfectStepCoder/yp_go_nn/src/internal/proto/gen/models.pb.go:129.54,131.2 1 0
github.com/PerfectStepCoder/yp_go_nn/src/internal/proto/gen/models.pb.go:133.47,134.14 1 0
github.com/PerfectStepCoder/yp_go_nn/src/internal/proto/gen/models.pb.go:134.14,136.3 1 0
github.com/PerfectStepCoder/yp_go_nn/src/internal/proto/gen/models.pb.go:137.2,137.11 1 0
github.com/PerfectStepCoder/yp_go_nn/src/internal/proto/gen/models.pb.go:140.49,141.14 1 0
github.com/PerfectStepCoder/yp_go_nn/src/internal/proto/gen/models.pb.go:141.14,143.3 1 0
github.com/PerfectStepCoder/yp_go_nn/src/internal/proto/gen/models.pb.go:144.2,144.11 1 0
github.com/PerfectStepCoder/yp_go_nn/src/internal/proto/gen/models.pb.go:159.36,164.2 4 0
github.com/PerfectStepCoder/yp_go_nn/src/internal/proto/gen/models.pb.go:166.44,168.2 1 0
github.com/PerfectStepCoder/yp_go_nn/src/internal/proto/gen/models.pb.go:170.42,170.43 0 0
github.com/PerfectStepCoder/yp_go_nn/src/internal/proto/gen/models.pb.go:172.64,174.14 2 0
github.com/PerfectStepCoder/yp_go_nn/src/internal/proto/gen/models.pb.go:174.14,176.34 2 0
github.com/PerfectStepCoder/yp_go_nn/src/internal/proto/gen/models.pb.go:176.34,178.4 1 0
github.com/PerfectStepCoder/yp_go_nn/src/internal/proto/gen/models.pb.go:179.3,179.12 1 0
github.com/PerfectStepCoder/yp_go_nn/src/internal/proto/gen/models.pb.go:181.2,181.24 1 0
github.com/PerfectStepCoder/yp_go_nn/src/internal/proto/gen/models.pb.go:185.55,187.2 1 0
github.com/PerfectStepCoder/yp_go_nn/src/internal/proto/gen/models.pb.go:189.48,190.14 1 0
github.com/PerfectStepCoder/yp_go_nn/src/internal/proto/gen/models.pb.go:190.14,192.3 1 0
github.com/PerfectStepCoder/yp_go_nn/src/internal/proto/gen/models.pb.go:193.2,193.11 1 0
github.com/PerfectStepCoder/yp_go_nn/src/internal/proto/gen/models.pb.go:196.49,197.14 1 0
github.com/PerfectStepCoder/yp_go_nn/src/internal/proto/gen/models.pb.go:197.14,199.3 1 0
github.com/PerfectStepCoder/yp_go_nn/src/internal/proto/gen/models.pb.go:200.2,200.12 1 0
github.com/PerfectStepCoder/yp_go_nn/src/internal/proto/gen/models.pb.go:203.46,204.14 1 0
github.com/PerfectStepCoder/yp_go_nn/src/internal/proto/gen/models.pb.go:204.14,206.3 1 0
github.com/PerfectStepCoder/yp_go_nn/src/internal/proto/gen/models.pb.go:207.2,207.10 1 0
github.com/PerfectStepCoder/yp_go_nn/src/internal/proto/gen/models.pb.go:210.45,211.14 1 0
github.com/PerfectStepCoder/yp_go_nn/src/internal/proto/gen/models.pb.go:211.14,213.3 1 0
github.com/PerfectStepCoder/yp_go_nn/src/internal/proto/gen/models.pb.go:214.2,214.10 1 0
github.com/PerfectStepCoder/yp_go_nn/src/internal/proto/gen/models.pb.go:227.37,232.2 4 0
github.com/PerfectStepCoder/yp_go_nn/src/internal/proto/gen/models.pb.go:234.45,236.2 1 0
github.com/PerfectStepCoder/yp_go_nn/src/internal/proto/gen/models.pb.go:238.43,238.44 0 0
github.com/PerfectStepCoder/yp_go_nn/src/internal/proto/gen/models.pb.go:240.65,242.14 2 0
github.com/PerfectStepCoder/yp_go_nn/src/internal/proto/gen/models.pb.go:242.14,244.34 2 0
github.com/PerfectStepCoder/yp_go_nn/src/internal/proto/gen/models.pb.go:244.34,246.4 1 0
github.com/PerfectStepCoder/yp_go_nn/src/internal/proto/gen/models.pb.go:247.3,247.12 1 0
github.com/PerfectStepCoder/yp_go_nn/src/internal/proto/gen/models.pb.go:249.2,249.24 1 0
github.com/PerfectStepCoder/yp_go_nn/src/internal/proto/gen/models.pb.go:253.56,255.2 1 0
github.com/PerfectStepCoder/yp_go_nn/src/internal/proto/gen/models.pb.go:257.49,258.14 1 0
github.com/PerfectStepCoder/yp_go_nn/src/internal/proto/gen/models.pb.go:258.14,260.3 1 0
github.com/PerfectStepCoder/yp_go_nn/src/internal/proto/gen/models.pb.go:261.2,261.11 1 0
github.com/PerfectStepCoder/yp_go_nn/src/internal/proto/gen/models.pb.go:264.54,265.14 1 0
github.com/PerfectStepCoder/yp_go_nn/src/internal/proto/gen/models.pb.go:265.14,267.3 1 0
github.com/PerfectStepCoder/yp_go_nn/src/internal/proto/gen/models.pb.go:268.2,268.12 1 0
github.com/PerfectStepCoder/yp_go_nn/src/internal/proto/gen/models.pb.go:281.41,286.2 4 0
github.com/PerfectStepCoder/yp_go_nn/src/internal/proto/gen/models.pb.go:288.49,290.2 1 0
github.com/PerfectStepCoder/yp_go_nn/src/internal/proto/gen/models.pb.go:292.47,292.48 0 0
github.com/PerfectStepCoder/yp_go_nn/src/internal/proto/gen/models.pb.go:294.69,296.14 2 0
github.com/PerfectStepCoder/yp_go_nn/src/internal/proto/gen/models.pb.go:296.14,298.34 2 0
github.com/PerfectStepCoder/yp_go_nn/src/internal/proto/gen/models.pb.go:298.34,300.4 1 0
github.com/PerfectStepCoder/yp_go_nn/src/internal/proto/gen/models.pb.go:301.3,301.12 1 0
github.com/PerfectStepCoder/yp_go_nn/src/internal/proto/gen/models.pb.go:303.2,303.24 1 0
github.com/PerfectStepCoder/yp_go_nn/src/internal/proto/gen/models.pb.go:307.60,309.2 1 0
github.com/PerfectStepCoder/yp_go_nn/src/internal/proto/gen/models.pb.go:311.53,312.14 1 0
github.com/PerfectStepCoder/yp_go_nn/src/internal/proto/gen/models.pb.go:312.14,314.3 1 0
github.com/PerfectStepCoder/yp_go_nn/src/internal/proto/gen/models.pb.go:315.2,315.11 1 0
github.com/PerfectStepCoder/yp_go_nn/src/internal/proto/gen/models.pb.go:318.57,319.14 1 0
github.com/PerfectStepCoder/yp_go_nn/src/internal/proto/gen/models.pb.go:319.14,321.3 1 0
github.com/PerfectStepCoder/yp_go_nn/src/internal/proto/gen/models.pb.go:322.2,322.12 1 0
github.com/PerfectStepCoder/yp_go_nn/src/internal/proto/gen/models.pb.go:336.33,341.2 4 0
github.com/PerfectStepCoder/yp_go_nn/src/internal/proto/gen/models.pb.go:343.41,345.2 1 0
github.com/PerfectStepCoder/yp_go_nn/src/internal/proto/gen/models.pb.go:347.39,347.40 0 0
github.com/PerfectStepCoder/yp_go_nn/src/internal/proto/gen/models.pb.go:349.61,351.14 2 0
github.com/PerfectStepCoder/yp_go_nn/src/internal/proto/gen/models.pb.go:351.14,353.34 2 0
github.com/PerfectStepCoder/yp_go_nn/src/internal/proto/gen/models.pb.go:353.34,355.4 1 0
github.com/PerfectStepCoder/yp_go_nn/src/internal/proto/gen/models.pb.go:356.3,356.12 1 0
github.com/PerfectStepCoder/yp_go_nn/src/internal/proto/gen/models.pb.go:358.2,358.24 1 0
github.com/PerfectStepCoder/yp_go_nn/src/internal/proto/gen/models.pb.go:362.52,364.2 1 0
github.com/PerfectStepCoder/yp_go_nn/src/internal/proto/gen/models.pb.go:366.42,367.14 1 0
github.com/PerfectStepCoder/yp_go_nn/src/internal/proto/gen/models.pb.go:367.14,369.3 1 0
github.com/PerfectStepCoder/yp_go_nn/src/internal/proto/gen/models.pb.go:370.2,370.11 1 0
github.com/PerfectStepCoder/yp_go_nn/src/internal/proto/gen/models.pb.go:373.49,374.14 1 0
github.com/PerfectStepCoder/yp_go_nn/src/internal/proto/gen/models.pb.go:374.14,376.3 1 0
github.com/PerfectStepCoder/yp_go_nn/src/internal/proto/gen/models.pb.go:377.2,377.11 1 0
github.com/PerfectStepCoder/yp_go_nn/src/internal/proto/gen/models.pb.go:380.45,381.14 1 0
github.com/PerfectStepCoder/yp_go_nn/src/internal/proto/gen/models.pb.go:381.14,383.3 1 0
github.com/PerfectStepCoder/yp_go_nn/src/internal/proto/gen/models.pb.go:384.2,384.11 1 0
github.com/PerfectStepCoder/yp_go_nn/src/internal/proto/gen/models.pb.go:396.37,401.2 4 0
github.com/PerfectStepCoder/yp_go_nn/src/internal/proto/gen/models.pb.go:403.45,405.2 1 0
github.com/PerfectStepCoder/yp_go_nn/src/internal/proto/gen/models.pb.go:407.43,407.44 0 0
github.com/PerfectStepCoder/yp_go_nn/src/internal/proto/gen/models.pb.go:409.65,411.14 2 0
github.com/PerfectStepCoder/yp_go_nn/src/internal/proto/gen/models.pb.go:411.14,413.34 2 0
github.com/PerfectStepCoder/yp_go_nn/src/internal/proto/gen/models.pb.go:413.34,415.4 1 0
github.com/PerfectStepCoder/yp_go_nn/src/internal/proto/gen/models.pb.go:416.3,416.12 1 0
github.com/PerfectStepCoder/yp_go_nn/src/internal/proto/gen/models.pb.go:418.2,418.24 1 0
github.com/PerfectStepCoder/yp_go_nn/src/internal/proto/gen/models.pb.go:422.56,424.2 1 0
github.com/PerfectStepCoder/yp_go_nn/src/internal/proto/gen/models.pb.go:426.61,427.14 1 0
github.com/PerfectStepCoder/yp_go_nn/src/internal/proto/gen/models.pb.go:427.14,429.3 1 0
github.com/PerfectStepCoder/yp_go_nn/src/internal/proto/gen/models.pb.go:430.2,430.12 1 0
github.com/PerfectStepCoder/yp_go_nn/src/internal/proto/gen/models.pb.go:442.38,447.2 4 0
github.com/PerfectStepCoder/yp_go_nn/src/internal/proto/gen/models.pb.go:449.46,451.2 1 0
github.com/PerfectStepCoder/yp_go_nn/src/internal/proto/gen/models.pb.go:453.44,453.45 0 0
github.com/PerfectStepCoder/yp_go_nn/src/internal/proto/gen/models.pb.go:455.66,457.14 2 0
github.com/PerfectStepCoder/yp_go_nn/src/internal/proto/gen/models.pb.go:457.14,459.34 2 0
github.com/PerfectStepCoder/yp_go_nn/src/internal/proto/gen/models.pb.go:459.34,461.4 1 0
github.com/PerfectStepCoder/yp_go_nn/src/internal/proto/gen/models.pb.go:462.3,462.12 1 0
github.com/PerfectStepCoder/yp_go_nn/src/internal/proto/gen/models.pb.go:464.2,464.24 1 0
github.com/PerfectStepCoder/yp_go_nn/src/internal/proto/gen/models.pb.go:468.57,470.2 1 0
github.com/PerfectStepCoder/yp_go_nn/src/internal/proto/gen/models.pb.go:472.63,473.14 1 0
github.com/PerfectStepCoder/yp_go_nn/src/internal/proto/gen/models.pb.go:473.14,475.3 1 0
github.com/PerfectStepCoder/yp_go_nn/src/internal/proto/gen/models.pb.go:476.2,476.12 1 0
github.com/PerfectStepCoder/yp_go_nn/src/internal/proto/gen/models.pb.go:536.45,537.42 1 0
github.com/PerfectStepCoder/yp_go_nn/src/internal/proto/gen/models.pb.go:537.42,539.3 1 0
github.com/PerfectStepCoder/yp_go_nn/src/internal/proto/gen/models.pb.go:540.2,540.38 1 0
github.com/PerfectStepCoder/yp_go_nn/src/internal/proto/gen/models.pb.go:564.13,564.41 1 1
github.com/PerfectStepCoder/yp_go_nn/src/internal/proto/gen/models.pb.go:565.31,566.30 1 1
github.com/PerfectStepCoder/yp_go_nn/src/internal/proto/gen/models.pb.go:566.30,568.3 1 1
github.com/PerfectStepCoder/yp_go_nn/src/internal/proto/gen/models.pb.go:569.2,586.33 6 1
github.com/PerfectStepCoder/yp_go_nn/src/internal/proto/gen/server.pb.go:85.13,85.41 1 1
github.com/PerfectStepCoder/yp_go_nn/src/internal/proto/gen/server.pb.go:86.31,87.30 1 1
github.com/PerfectStepCoder/yp_go_nn/src/internal/proto/gen/server.pb.go:87.30,89.3 1 0
github.com/PerfectStepCoder/yp_go_nn/src/internal/proto/gen/server.pb.go:90.2,107.33 7 1
github.com/PerfectStepCoder/yp_go_nn/src/internal/proto/gen/server_grpc.pb.go:45.72,47.2 1 0
github.com/PerfectStepCoder/yp_go_nn/src/internal/proto/gen/server_grpc.pb.go:49.125,53.16 4 0
github.com/PerfectStepCoder/yp_go_nn/src/internal/proto/gen/server_grpc.pb.go:53.16,55.3 1 0
github.com/PerfectStepCoder/yp_go_nn/src/internal/proto/gen/server_grpc.pb.go:56.2,56.17 1 0
github.com/PerfectStepCoder/yp_go_nn/src/internal/proto/gen/server_grpc.pb.go:59.134,63.16 4 0
github.com/PerfectStepCoder/yp_go_nn/src/internal/proto/gen/server_grpc.pb.go:63.16,65.3 1 0
github.com/PerfectStepCoder/yp_go_nn/src/internal/proto/gen/server_grpc.pb.go:66.2,66.17 1 0
github.com/PerfectStepCoder/yp_go_nn/src/internal/proto/gen/server_grpc.pb.go:69.140,73.16 4 0
github.com/PerfectStepCoder/yp_go_nn/src/internal/proto/gen/server_grpc.pb.go:73.16,75.3 1 0
github.com/PerfectStepCoder/yp_go_nn/src/internal/proto/gen/server_grpc.pb.go:76.2,76.17 1 0
github.com/PerfectStepCoder/yp_go_nn/src/internal/proto/gen/server_grpc.pb.go:79.148,83.16 4 0
github.com/PerfectStepCoder/yp_go_nn/src/internal/proto/gen/server_grpc.pb.go:83.16,85.3 1 0
github.com/PerfectStepCoder/yp_go_nn/src/internal/proto/gen/server_grpc.pb.go:86.2,86.17 1 0
github.com/PerfectStepCoder/yp_go_nn/src/internal/proto/gen/server_grpc.pb.go:89.143,93.16 4 0
github.com/PerfectStepCoder/yp_go_nn/src/internal/proto/gen/server_grpc.pb.go:93.16,95.3 1 0
github.com/PerfectStepCoder/yp_go_nn/src/internal/proto/gen/server_grpc.pb.go:96.2,96.17 1 0
github.com/PerfectStepCoder/yp_go_nn/src/internal/proto/gen/server_grpc.pb.go:118.103,120.2 1 0
github.com/PerfectStepCoder/yp_go_nn/src/internal/proto/gen/server_grpc.pb.go:121.112,123.2 1 0
github.com/PerfectStepCoder/yp_go_nn/src/internal/proto/gen/server_grpc.pb.go:124.118,126.2 1 0
github.com/PerfectStepCoder/yp_go_nn/src/internal/proto/gen/server_grpc.pb.go:127.126,129.2 1 0
github.com/PerfectStepCoder/yp_go_nn/src/internal/proto/gen/server_grpc.pb.go:130.121,132.2 1 0
github.com/PerfectStepCoder/yp_go_nn/src/internal/proto/gen/server_grpc.pb.go:133.80,133.81 0 0
github.com/PerfectStepCoder/yp_go_nn/src/internal/proto/gen/server_grpc.pb.go:134.80,134.81 0 0
github.com/PerfectStepCoder/yp_go_nn/src/internal/proto/gen/server_grpc.pb.go:143.78,148.59 1 0
github.com/PerfectStepCoder/yp_go_nn/src/internal/proto/gen/server_grpc.pb.go:148.59,150.3 1 0
github.com/PerfectStepCoder/yp_go_nn/src/internal/proto/gen/server_grpc.pb.go:151.2,151.49 1 0
github.com/PerfectStepCoder/yp_go_nn/src/internal/proto/gen/server_grpc.pb.go:154.163,156.32 2 0
github.com/PerfectStepCoder/yp_go_nn/src/internal/proto/gen/server_grpc.pb.go:156.32,158.3 1 0
github.com/PerfectStepCoder/yp_go_nn/src/internal/proto/gen/server_grpc.pb.go:159.2,159.24 1 0
github.com/PerfectStepCoder/yp_go_nn/src/internal/proto/gen/server_grpc.pb.go:159.24,161.3 1 0
github.com/PerfectStepCoder/yp_go_nn/src/internal/proto/gen/server_grpc.pb.go:162.2,166.77 2 0
github.com/PerfectStepCoder/yp_go_nn/src/internal/proto/gen/server_grpc.pb.go:166.77,168.3 1 0
github.com/PerfectStepCoder/yp_go_nn/src/internal/proto/gen/server_grpc.pb.go:169.2,169.44 1 0
github.com/PerfectStepCoder/yp_go_nn/src/internal/proto/gen/server_grpc.pb.go:172.169,174.32 2 0
github.com/PerfectStepCoder/yp_go_nn/src/internal/proto/gen/server_grpc.pb.go:174.32,176.3 1 0
github.com/PerfectStepCoder/yp_go_nn/src/internal/proto/gen/server_grpc.pb.go:177.2,177.24 1 0
github.com/PerfectStepCoder/yp_go_nn/src/internal/proto/gen/server_grpc.pb.go:177.24,179.3 1 0
github.com/PerfectStepCoder/yp_go_nn/src/internal/proto/gen/server_grpc.pb.go:180.2,184.77 2 0
github.com/PerfectStepCoder/yp_go_nn/src/internal/proto/gen/server_grpc.pb.go:184.77,186.3 1 0
github.com/PerfectStepCoder/yp_go_nn/src/internal/proto/gen/server_grpc.pb.go:187.2,187.44 1 0
github.com/PerfectStepCoder/yp_go_nn/src/internal/proto/gen/server_grpc.pb.go:190.171,192.32 2 0
github.com/PerfectStepCoder/yp_go_nn/src/internal/proto/gen/server_grpc.pb.go:192.32,194.3 1 0
github.com/PerfectStepCoder/yp_go_nn/src/internal/proto/gen/server_grpc.pb.go:195.2,195.24 1 0
github.com/PerfectStepCoder/yp_go_nn/src/internal/proto/gen/server_grpc.pb.go:195.24,197.3 1 0
github.com/PerfectStepCoder/yp_go_nn/src/internal/proto/gen/server_grpc.pb.go:198.2,202.77 2 0
github.com/PerfectStepCoder/yp_go_nn/src/internal/proto/gen/server_grpc.pb.go:202.77,204.3 1 0
github.com/PerfectStepCoder/yp_go_nn/src/internal/proto/gen/server_grpc.pb.go:205.2,205.44 1 0
github.com/PerfectStepCoder/yp_go_nn/src/internal/proto/gen/server_grpc.pb.go:208.175,210.32 2 0
github.com/PerfectStepCoder/yp_go_nn/src/internal/proto/gen/server_grpc.pb.go:210.32,212.3 1 0
github.com/PerfectStepCoder/yp_go_nn/src/internal/proto/gen/server_grpc.pb.go:213.2,213.24 1 0
github.com/PerfectStepCoder/yp_go_nn/src/internal/proto/gen/server_grpc.pb.go:213.24,215.3 1 0
github.com/PerfectStepCoder/yp_go_nn/src/internal/proto/gen/server_grpc.pb.go:216.2,220.77 2 0
github.com/PerfectStepCoder/yp_go_nn/src/internal/proto/gen/server_grpc.pb.go:220.77,222.3 1 0
github.com/PerfectStepCoder/yp_go_nn/src/internal/proto/gen/server_grpc.pb.go:223.2,223.44 1 0
github.com/PerfectStepCoder/yp_go_nn/src/internal/proto/gen/server_grpc.pb.go:226.172,228.32 2 0
github.com/PerfectStepCoder/yp_go_nn/src/internal/proto/gen/server_grpc.pb.go:228.32,230.3 1 0
github.com/PerfectStepCoder/yp_go_nn/src/internal/proto/gen/server_grpc.pb.go:231.2,231.24 1 0
github.com/PerfectStepCoder/yp_go_nn/src/internal/proto/gen/server_grpc.pb.go:231.24,233.3 1 0
github.com/PerfectStepCoder/yp_go_nn/src/internal/proto/gen/server_grpc.pb.go:234.2,238.77 2 0
github.com/PerfectStepCoder/yp_go_nn/src/internal/proto/gen/server_grpc.pb.go:238.77,240.3 1 0
github.com/PerfectStepCoder/yp_go_nn/src/internal/proto/gen/server_grpc.pb.go:241.2,241.44 1 0
github.com/PerfectStepCoder/yp_go_nn/src/internal/security/passwords.go:7.52,9.16 2 0
github.com/PerfectStepCoder/yp_go_nn/src/internal/security/passwords.go:9.16,11.3 1 0
github.com/PerfectStepCoder/yp_go_nn/src/internal/security/passwords.go:12.2,12.26 1 0
github.com/PerfectStepCoder/yp_go_nn/src/internal/security/passwords.go:15.58,18.2 2 0
github.com/PerfectStepCoder/yp_go_nn/src/internal/security/tokens.go:17.61,31.2 4 0
github.com/PerfectStepCoder/yp_go_nn/src/internal/security/tokens.go:34.73,37.9 2 0
github.com/PerfectStepCoder/yp_go_nn/src/internal/security/tokens.go:37.9,39.3 1 0
github.com/PerfectStepCoder/yp_go_nn/src/internal/security/tokens.go:41.2,42.9 2 0
github.com/PerfectStepCoder/yp_go_nn/src/internal/security/tokens.go:42.9,44.3 1 0
github.com/PerfectStepCoder/yp_go_nn/src/internal/security/tokens.go:47.2,50.8 1 0
github.com/PerfectStepCoder/yp_go_nn/src/internal/servers/grpcServer.go:25.109,30.16 3 0
github.com/PerfectStepCoder/yp_go_nn/src/internal/servers/grpcServer.go:30.16,32.3 1 0
github.com/PerfectStepCoder/yp_go_nn/src/internal/servers/grpcServer.go:34.2,39.23 4 0
github.com/PerfectStepCoder/yp_go_nn/src/internal/servers/grpcServer.go:43.115,48.34 3 0
github.com/PerfectStepCoder/yp_go_nn/src/internal/servers/grpcServer.go:48.34,50.17 2 0
github.com/PerfectStepCoder/yp_go_nn/src/internal/servers/grpcServer.go:50.17,52.4 1 0
github.com/PerfectStepCoder/yp_go_nn/src/internal/servers/grpcServer.go:53.3,53.18 1 0
github.com/PerfectStepCoder/yp_go_nn/src/internal/servers/grpcServer.go:56.2,57.16 2 0
github.com/PerfectStepCoder/yp_go_nn/src/internal/servers/grpcServer.go:57.16,59.3 1 0
github.com/PerfectStepCoder/yp_go_nn/src/internal/servers/grpcServer.go:61.2,64.23 3 0
github.com/PerfectStepCoder/yp_go_nn/src/internal/servers/grpcServer.go:68.123,73.34 3 1
github.com/PerfectStepCoder/yp_go_nn/src/internal/servers/grpcServer.go:73.34,75.17 2 1
github.com/PerfectStepCoder/yp_go_nn/src/internal/servers/grpcServer.go:75.17,77.4 1 0
github.com/PerfectStepCoder/yp_go_nn/src/internal/servers/grpcServer.go:78.3,78.18 1 1
github.com/PerfectStepCoder/yp_go_nn/src/internal/servers/grpcServer.go:81.2,82.16 2 1
github.com/PerfectStepCoder/yp_go_nn/src/internal/servers/grpcServer.go:82.16,84.3 1 0
github.com/PerfectStepCoder/yp_go_nn/src/internal/servers/grpcServer.go:86.2,89.23 3 1
github.com/PerfectStepCoder/yp_go_nn/src/internal/servers/grpcServer.go:92.118,101.34 6 0
github.com/PerfectStepCoder/yp_go_nn/src/internal/servers/grpcServer.go:101.34,103.3 1 0
github.com/PerfectStepCoder/yp_go_nn/src/internal/servers/grpcServer.go:105.2,109.38 3 0
github.com/PerfectStepCoder/yp_go_nn/src/internal/servers/grpcServer.go:109.38,110.83 1 0
github.com/PerfectStepCoder/yp_go_nn/src/internal/servers/grpcServer.go:110.83,112.31 2 0
github.com/PerfectStepCoder/yp_go_nn/src/internal/servers/grpcServer.go:112.31,115.5 2 0
github.com/PerfectStepCoder/yp_go_nn/src/internal/servers/grpcServer.go:120.2,120.12 1 0
github.com/PerfectStepCoder/yp_go_nn/src/internal/servers/grpcServer.go:120.12,123.3 2 0
github.com/PerfectStepCoder/yp_go_nn/src/internal/servers/grpcServer.go:125.2,125.31 1 0
github.com/PerfectStepCoder/yp_go_nn/src/internal/servers/grpcServer.go:125.31,127.3 1 0
github.com/PerfectStepCoder/yp_go_nn/src/internal/servers/grpcServer.go:129.2,129.23 1 0
github.com/PerfectStepCoder/yp_go_nn/src/internal/servers/grpcServer.go:132.71,138.2 1 1
github.com/PerfectStepCoder/yp_go_nn/src/internal/servers/grpcServer.go:140.47,153.16 4 0
github.com/PerfectStepCoder/yp_go_nn/src/internal/servers/grpcServer.go:153.16,155.3 1 0
github.com/PerfectStepCoder/yp_go_nn/src/internal/servers/grpcServer.go:157.2,157.31 1 0
github.com/PerfectStepCoder/yp_go_nn/src/internal/servers/grpcServer.go:160.54,164.2 2 0
github.com/PerfectStepCoder/yp_go_nn/src/internal/servers/grpcServer.go:166.97,172.2 5 0
github.com/PerfectStepCoder/yp_go_nn/src/internal/servers/httpServer.go:22.100,28.2 1 0
github.com/PerfectStepCoder/yp_go_nn/src/internal/servers/httpServer.go:30.47,40.36 4 0
github.com/PerfectStepCoder/yp_go_nn/src/internal/servers/httpServer.go:40.36,43.44 2 0
github.com/PerfectStepCoder/yp_go_nn/src/internal/servers/httpServer.go:43.44,46.4 2 0
github.com/PerfectStepCoder/yp_go_nn/src/internal/servers/httpServer.go:48.3,48.40 1 0
github.com/PerfectStepCoder/yp_go_nn/src/internal/servers/httpServer.go:48.40,50.4 1 0
github.com/PerfectStepCoder/yp_go_nn/src/internal/servers/httpServer.go:54.2,59.34 2 0
github.com/PerfectStepCoder/yp_go_nn/src/internal/servers/httpServer.go:62.54,64.47 1 0
github.com/PerfectStepCoder/yp_go_nn/src/internal/servers/httpServer.go:64.47,66.3 1 0
github.com/PerfectStepCoder/yp_go_nn/src/internal/servers/httpServer.go:67.2,67.12 1 0
github.com/PerfectStepCoder/yp_go_nn/src/internal/storage/database.go:18.80,24.16 3 0
github.com/PerfectStepCoder/yp_go_nn/src/internal/storage/database.go:24.16,26.3 1 0
github.com/PerfectStepCoder/yp_go_nn/src/internal/storage/database.go:29.2,30.16 2 0
github.com/PerfectStepCoder/yp_go_nn/src/internal/storage/database.go:30.16,32.3 1 0
github.com/PerfectStepCoder/yp_go_nn/src/internal/storage/database.go:35.2,35.59 1 0
github.com/PerfectStepCoder/yp_go_nn/src/internal/storage/database.go:35.59,37.3 1 0
github.com/PerfectStepCoder/yp_go_nn/src/internal/storage/database.go:38.2,40.25 2 0
github.com/PerfectStepCoder/yp_go_nn/src/internal/storage/database.go:43.83,44.48 1 0
github.com/PerfectStepCoder/yp_go_nn/src/internal/storage/database.go:44.48,46.3 1 0
github.com/PerfectStepCoder/yp_go_nn/src/internal/storage/database.go:47.2,47.39 1 0
github.com/PerfectStepCoder/yp_go_nn/src/internal/storage/database.go:50.74,52.48 2 0
github.com/PerfectStepCoder/yp_go_nn/src/internal/storage/database.go:52.48,54.3 1 0
github.com/PerfectStepCoder/yp_go_nn/src/internal/storage/database.go:55.2,55.19 1 0
github.com/PerfectStepCoder/yp_go_nn/src/internal/storage/database.go:58.92,60.87 2 0
github.com/PerfectStepCoder/yp_go_nn/src/internal/storage/database.go:60.87,62.3 1 0
github.com/PerfectStepCoder/yp_go_nn/src/internal/storage/database.go:63.2,63.19 1 0
github.com/PerfectStepCoder/yp_go_nn/src/internal/storage/database.go:66.86,68.72 2 0
github.com/PerfectStepCoder/yp_go_nn/src/internal/storage/database.go:68.72,70.3 1 0
github.com/PerfectStepCoder/yp_go_nn/src/internal/storage/database.go:71.2,71.19 1 0
github.com/PerfectStepCoder/yp_go_nn/src/internal/storage/database.go:74.37,75.17 1 0
github.com/PerfectStepCoder/yp_go_nn/src/internal/storage/database.go:75.17,77.17 2 0
github.com/PerfectStepCoder/yp_go_nn/src/internal/storage/database.go:77.17,79.4 1 0
github.com/PerfectStepCoder/yp_go_nn/src/internal/storage/database.go:80.3,80.16 1 0
